2026-09-22T15:31:39.625818+00:00 LAUNCH 2082ae3b92b41cbe01ce65e1e9807ca67959d5dbd6411ee12049a314669743ca cells=12 free=6.1GiB
2026-09-22T15:31:39.635261+00:00 cell start STAGED_w0
2026-09-22T15:59:26.876770+00:00 cell finished STAGED_w0 1667.2s terminal=0.00622721
2026-09-22T15:59:26.958619+00:00 cell start INTERLEAVED_w0
2026-09-22T16:19:40.500676+00:00 cell finished INTERLEAVED_w0 1213.5s terminal=0.00925402
2026-09-22T16:19:40.520188+00:00 cell start SHAM_w0
2026-09-22T16:39:01.536453+00:00 cell finished SHAM_w0 1161.0s terminal=1.03669
2026-09-22T16:39:01.555244+00:00 cell start NONE_w0
2026-09-22T17:00:11.065162+00:00 cell finished NONE_w0 1269.5s terminal=0.957495
2026-09-22T17:00:11.086043+00:00 cell start STAGED_w1
2026-09-22T17:22:56.322033+00:00 cell finished STAGED_w1 1365.2s terminal=0.0051374
2026-09-22T17:22:56.336462+00:00 cell start INTERLEAVED_w1
2026-09-22T17:45:04.407436+00:00 cell finished INTERLEAVED_w1 1328.0s terminal=0.0101059
2026-09-22T17:45:04.421763+00:00 cell start SHAM_w1
2026-09-22T18:10:01.328014+00:00 cell finished SHAM_w1 1496.9s terminal=1.0624
2026-09-22T18:10:01.364410+00:00 cell start NONE_w1
2026-09-22T18:35:47.917119+00:00 cell finished NONE_w1 1546.5s terminal=0.903748
2026-09-22T18:35:47.933011+00:00 cell start STAGED_w2
2026-09-22T19:04:44.204068+00:00 cell finished STAGED_w2 1736.2s terminal=0.00724946
2026-09-22T19:04:44.220696+00:00 cell start INTERLEAVED_w2
2026-09-22T19:29:55.292733+00:00 LAUNCH 2082ae3b92b41cbe01ce65e1e9807ca67959d5dbd6411ee12049a314669743ca cells=12 free=14.7GiB
2026-09-22T19:29:55.298263+00:00 reused validated cell STAGED_w0
2026-09-22T19:29:55.314834+00:00 reused validated cell INTERLEAVED_w0
2026-09-22T19:29:55.330953+00:00 reused validated cell SHAM_w0
2026-09-22T19:29:55.348018+00:00 reused validated cell NONE_w0
2026-09-22T19:29:55.359989+00:00 reused validated cell STAGED_w1
2026-09-22T19:29:55.371859+00:00 reused validated cell INTERLEAVED_w1
2026-09-22T19:29:55.382895+00:00 reused validated cell SHAM_w1
2026-09-22T19:29:55.394648+00:00 reused validated cell NONE_w1
2026-09-22T19:29:55.405734+00:00 reused validated cell STAGED_w2
2026-09-22T19:29:55.416895+00:00 cell start INTERLEAVED_w2
2026-09-22T19:56:08.845767+00:00 cell finished INTERLEAVED_w2 1573.8s terminal=0.00657744
2026-09-22T19:56:08.863583+00:00 cell start SHAM_w2
2026-09-22T20:17:28.331449+00:00 cell finished SHAM_w2 1279.4s terminal=1.08676
2026-09-22T20:17:28.355479+00:00 cell start NONE_w2
2026-09-22T20:44:49.118669+00:00 cell finished NONE_w2 1640.7s terminal=0.903673
