2026-09-11T12:02:59.625092+00:00 LAUNCH J0-library-quality-v1 at a83e71f pid 13396
2026-09-11T12:02:59.777205+00:00 [O_b2_g16384_w0] start
2026-09-11T12:07:04.541910+00:00 [O_b2_g16384_w0] saved: q -0.110 g 0.410 oracle 0.8957 enum 0.8957 opt 1.3542 random 1.5359 (244.7s)
2026-09-11T12:07:04.715294+00:00 [O_b2_g16384_w1] start
2026-09-11T12:07:22.229448+00:00 RESUME at a83e71f
2026-09-11T12:07:22.483076+00:00 [O_b2_g16384_w0] reused validated durable cell
2026-09-11T12:07:22.523885+00:00 [O_b2_g16384_w0] saved: q -0.110 g 0.410 oracle 0.8957 enum 0.8957 opt 1.3542 random 1.5359 (244.7s)
2026-09-11T12:07:22.730721+00:00 [O_b2_g16384_w1] start
2026-09-11T12:11:44.340777+00:00 [O_b2_g16384_w1] saved: q -0.123 g 0.356 oracle 0.8844 enum 0.8844 opt 1.2624 random 1.4861 (261.6s)
2026-09-11T12:11:44.504580+00:00 [O_b2_g16384_w2] start
2026-09-11T12:15:43.138649+00:00 [O_b2_g16384_w2] saved: q -0.306 g 0.626 oracle 0.7367 enum 0.7367 opt 1.4142 random 1.5796 (238.6s)
2026-09-11T12:15:43.317527+00:00 [O_b2_g32768_w0] start
2026-09-11T12:20:07.837158+00:00 [O_b2_g32768_w0] saved: q -0.190 g 0.458 oracle 0.8266 enum 0.8266 opt 1.3703 random 1.5724 (264.5s)
2026-09-11T12:20:07.975446+00:00 [O_b2_g32768_w1] start
2026-09-11T12:24:02.671766+00:00 [O_b2_g32768_w1] saved: q -2.277 g 0.000 oracle 0.1026 enum 0.1026 opt 0.1072 random 1.9272 (234.7s)
2026-09-11T12:24:02.811316+00:00 [O_b2_g32768_w2] start
2026-09-11T12:28:44.465346+00:00 [O_b2_g32768_w2] saved: q -3.128 g 0.000 oracle 0.0438 enum 0.0438 opt 0.0447 random 1.9979 (281.6s)
2026-09-11T12:28:44.611188+00:00 [O_b2_g65536_w0] start
2026-09-11T12:34:25.396175+00:00 [O_b2_g65536_w0] saved: q -0.327 g 0.621 oracle 0.7213 enum 0.7213 opt 1.3234 random 1.6248 (340.8s)
2026-09-11T12:34:25.546138+00:00 [O_b2_g65536_w1] start
2026-09-11T12:39:19.082588+00:00 [O_b2_g65536_w1] saved: q -4.263 g 0.000 oracle 0.0141 enum 0.0141 opt 0.0142 random 2.0046 (293.4s)
2026-09-11T12:39:19.236834+00:00 [O_b2_g65536_w2] start
2026-09-11T12:44:14.497145+00:00 [O_b2_g65536_w2] saved: q -0.308 g 0.579 oracle 0.7348 enum 0.7348 opt 1.3399 random 1.5234 (295.2s)
2026-09-11T12:44:14.652472+00:00 [O_b2_g131072_w0] start
2026-09-11T12:49:59.602878+00:00 [O_b2_g131072_w0] saved: q -0.471 g 0.658 oracle 0.6243 enum 0.6243 opt 1.3006 random 1.6452 so1r_bitwise True (344.9s)
2026-09-11T12:49:59.773802+00:00 [O_b2_g131072_w1] start
2026-09-11T12:56:20.164423+00:00 [O_b2_g131072_w1] saved: q -5.377 g 0.000 oracle 0.0046 enum 0.0046 opt 0.0049 random 2.0305 so1r_bitwise True (380.4s)
2026-09-11T12:56:20.415838+00:00 [O_b2_g131072_w2] start
2026-09-11T13:01:11.711244+00:00 [O_b2_g131072_w2] saved: q -5.282 g 0.000 oracle 0.0051 enum 0.0051 opt 0.0056 random 2.0246 so1r_bitwise True (291.3s)
2026-09-11T13:01:11.926070+00:00 [O_b2_g262144_w0] start
2026-09-11T13:05:24.909816+00:00 [O_b2_g262144_w0] saved: q -0.456 g 0.000 oracle 0.6337 enum 0.6337 opt 0.7458 random 1.6397 (253.0s)
2026-09-11T13:05:25.059692+00:00 [O_b2_g262144_w1] start
2026-09-11T13:09:54.305543+00:00 [O_b2_g262144_w1] saved: q -5.934 g 0.000 oracle 0.0026 enum 0.0026 opt 0.0027 random 1.9904 (269.2s)
2026-09-11T13:09:54.458606+00:00 [O_b2_g262144_w2] start
2026-09-11T13:15:16.916244+00:00 [O_b2_g262144_w2] saved: q -5.833 g 0.000 oracle 0.0029 enum 0.0029 opt 0.0031 random 2.0029 (322.4s)
2026-09-11T13:15:17.061671+00:00 [O_b64_g16384_w0] start
2026-09-11T13:20:10.590937+00:00 [O_b64_g16384_w0] saved: q 0.196 g 0.174 oracle 1.2166 enum 1.2120 opt 1.4432 random 1.7562 (293.5s)
2026-09-11T13:20:10.877133+00:00 [O_b64_g16384_w1] start
2026-09-11T13:26:14.896308+00:00 [O_b64_g16384_w1] saved: q 0.225 g 0.194 oracle 1.2524 enum 1.2284 opt 1.4894 random 1.7394 (364.0s)
2026-09-11T13:26:16.004041+00:00 [O_b64_g16384_w2] start
2026-09-11T13:31:58.302822+00:00 [O_b64_g16384_w2] saved: q 0.229 g 0.173 oracle 1.2573 enum 1.2532 opt 1.4773 random 1.7254 (342.3s)
2026-09-11T13:31:58.469853+00:00 [O_b64_g32768_w0] start
2026-09-11T13:36:57.812477+00:00 [O_b64_g32768_w0] saved: q 0.006 g 0.350 oracle 1.0060 enum 1.0060 opt 1.4279 random 1.5878 (299.3s)
2026-09-11T13:36:57.977161+00:00 [O_b64_g32768_w1] start
2026-09-11T13:43:02.190683+00:00 [O_b64_g32768_w1] saved: q 0.007 g 0.326 oracle 1.0066 enum 1.0066 opt 1.3878 random 1.5485 (364.2s)
2026-09-11T13:43:02.353903+00:00 [O_b64_g32768_w2] start
2026-09-11T13:48:27.754069+00:00 [O_b64_g32768_w2] saved: q 0.006 g 0.343 oracle 1.0060 enum 1.0060 opt 1.4233 random 1.5514 (325.4s)
2026-09-11T13:48:27.931200+00:00 [O_b64_g65536_w0] start
2026-09-11T13:52:58.918835+00:00 [O_b64_g65536_w0] saved: q -0.083 g 0.419 oracle 0.9207 enum 0.9207 opt 1.3756 random 1.5542 (271.0s)
2026-09-11T13:52:59.078870+00:00 [O_b64_g65536_w1] start
2026-09-11T13:56:42.650464+00:00 [O_b64_g65536_w1] saved: q -0.107 g 0.379 oracle 0.8987 enum 0.8987 opt 1.2817 random 1.5254 (223.5s)
2026-09-11T13:56:42.823126+00:00 [O_b64_g65536_w2] start
2026-09-11T14:01:13.648614+00:00 [O_b64_g65536_w2] saved: q -0.092 g 0.386 oracle 0.9123 enum 0.9123 opt 1.3627 random 1.4952 (270.3s)
2026-09-11T14:01:13.870446+00:00 [O_b64_g131072_w0] start
2026-09-11T14:06:03.827222+00:00 [O_b64_g131072_w0] saved: q -0.173 g 0.455 oracle 0.8412 enum 0.8412 opt 1.3444 random 1.4809 (289.9s)
2026-09-11T14:06:03.987024+00:00 [O_b64_g131072_w1] start
2026-09-11T14:10:55.336458+00:00 [O_b64_g131072_w1] saved: q -0.753 g 0.000 oracle 0.4707 enum 0.4707 opt 0.4829 random 1.7067 (291.3s)
2026-09-11T14:10:55.526251+00:00 [O_b64_g131072_w2] start
2026-09-11T14:15:53.399930+00:00 [O_b64_g131072_w2] saved: q -2.369 g 0.000 oracle 0.0935 enum 0.0935 opt 0.0959 random 1.9843 (297.9s)
2026-09-11T14:15:53.554032+00:00 [O_b64_g262144_w0] start
2026-09-11T14:20:33.730229+00:00 [O_b64_g262144_w0] saved: q -0.330 g 0.643 oracle 0.7188 enum 0.7188 opt 1.3652 random 1.6183 so1r_bitwise True (280.1s)
2026-09-11T14:20:33.937656+00:00 [O_b64_g262144_w1] start
2026-09-11T14:24:48.604375+00:00 [O_b64_g262144_w1] saved: q -4.740 g 0.000 oracle 0.0087 enum 0.0087 opt 0.0088 random 1.9549 so1r_bitwise True (254.6s)
2026-09-11T14:24:48.772760+00:00 [O_b64_g262144_w2] start
2026-09-11T14:29:10.049119+00:00 [O_b64_g262144_w2] saved: q -4.858 g 0.000 oracle 0.0078 enum 0.0078 opt 0.0078 random 2.0053 so1r_bitwise True (261.2s)
2026-09-11T14:29:13.770705+00:00 COMPLETE classification CF2_SUPPORTED stats {'pooled_rho': 0.5214212654678979, 'permutation_p': 0.001999800019998, 'within_world_rho': {'0': -0.5515151515151515, '1': 0.7647233910387892, '2': 0.6917637567037023}}
