2026-09-22T11:58:26.803855+00:00 LAUNCH 9fc50106aef4196f7caf053b133144f91d957a96ca51dcae352af2a00d073047 label=partial-d3-s2_8_128-w012 cells=36
2026-09-22T11:58:26.813369+00:00 cell start STAGED5000_w0_d3_s128
2026-09-22T11:58:31.585223+00:00 cell finished STAGED5000_w0_d3_s128 4.755s median_regret=0 floor=0
2026-09-22T11:58:31.604932+00:00 cell start STAGED5000_w0_d3_s8
2026-09-22T11:58:34.573313+00:00 cell finished STAGED5000_w0_d3_s8 2.950s median_regret=0 floor=0
2026-09-22T11:58:34.591921+00:00 cell start STAGED5000_w0_d3_s2
2026-09-22T11:58:37.240318+00:00 cell finished STAGED5000_w0_d3_s2 2.632s median_regret=0 floor=0
2026-09-22T11:58:37.259205+00:00 cell start STAGED5000_w1_d3_s128
2026-09-22T11:58:41.928605+00:00 cell finished STAGED5000_w1_d3_s128 4.652s median_regret=0 floor=0
2026-09-22T11:58:41.943825+00:00 cell start STAGED5000_w1_d3_s8
2026-09-22T11:58:44.911497+00:00 cell finished STAGED5000_w1_d3_s8 2.956s median_regret=0 floor=0
2026-09-22T11:58:44.927188+00:00 cell start STAGED5000_w1_d3_s2
2026-09-22T11:58:47.494997+00:00 cell finished STAGED5000_w1_d3_s2 2.555s median_regret=0 floor=0
2026-09-22T11:58:47.511725+00:00 cell start STAGED5000_w2_d3_s128
2026-09-22T11:58:52.208922+00:00 cell finished STAGED5000_w2_d3_s128 4.684s median_regret=0 floor=0
2026-09-22T11:58:52.225314+00:00 cell start STAGED5000_w2_d3_s8
2026-09-22T11:58:55.091065+00:00 cell finished STAGED5000_w2_d3_s8 2.853s median_regret=0 floor=0
2026-09-22T11:58:55.107052+00:00 cell start STAGED5000_w2_d3_s2
2026-09-22T11:58:57.771739+00:00 cell finished STAGED5000_w2_d3_s2 2.650s median_regret=0 floor=0
2026-09-22T11:58:57.787810+00:00 cell start STAGED3001_w0_d3_s128
2026-09-22T11:59:02.367728+00:00 cell finished STAGED3001_w0_d3_s128 4.567s median_regret=0 floor=0
2026-09-22T11:59:02.382980+00:00 cell start STAGED3001_w0_d3_s8
2026-09-22T11:59:05.356781+00:00 cell finished STAGED3001_w0_d3_s8 2.961s median_regret=0 floor=0
2026-09-22T11:59:05.374250+00:00 cell start STAGED3001_w0_d3_s2
2026-09-22T11:59:08.004004+00:00 cell finished STAGED3001_w0_d3_s2 2.616s median_regret=0 floor=0
2026-09-22T11:59:08.019699+00:00 cell start STAGED3001_w1_d3_s128
2026-09-22T11:59:12.503631+00:00 cell finished STAGED3001_w1_d3_s128 4.471s median_regret=0 floor=0
2026-09-22T11:59:12.520129+00:00 cell start STAGED3001_w1_d3_s8
2026-09-22T11:59:15.297423+00:00 cell finished STAGED3001_w1_d3_s8 2.765s median_regret=0 floor=0
2026-09-22T11:59:15.314136+00:00 cell start STAGED3001_w1_d3_s2
2026-09-22T11:59:17.965815+00:00 cell finished STAGED3001_w1_d3_s2 2.639s median_regret=0 floor=0
2026-09-22T11:59:17.981537+00:00 cell start STAGED3001_w2_d3_s128
2026-09-22T11:59:22.536325+00:00 cell finished STAGED3001_w2_d3_s128 4.542s median_regret=0 floor=0
2026-09-22T11:59:22.551456+00:00 cell start STAGED3001_w2_d3_s8
2026-09-22T11:59:25.404985+00:00 cell finished STAGED3001_w2_d3_s8 2.841s median_regret=0 floor=0
2026-09-22T11:59:25.421883+00:00 cell start STAGED3001_w2_d3_s2
2026-09-22T11:59:28.107459+00:00 cell finished STAGED3001_w2_d3_s2 2.670s median_regret=0 floor=0
2026-09-22T11:59:28.122683+00:00 cell start NONSTAGED3001_w0_d3_s128
2026-09-22T11:59:32.755092+00:00 cell finished NONSTAGED3001_w0_d3_s128 4.618s median_regret=0 floor=0.0980355
2026-09-22T11:59:32.770805+00:00 cell start NONSTAGED3001_w0_d3_s8
2026-09-22T11:59:35.644328+00:00 cell finished NONSTAGED3001_w0_d3_s8 2.860s median_regret=0.126936 floor=0.230165
2026-09-22T11:59:35.660863+00:00 cell start NONSTAGED3001_w0_d3_s2
2026-09-22T11:59:38.281240+00:00 cell finished NONSTAGED3001_w0_d3_s2 2.605s median_regret=0.203259 floor=0.0950732
2026-09-22T11:59:38.297248+00:00 cell start NONSTAGED3001_w1_d3_s128
2026-09-22T11:59:42.985925+00:00 cell finished NONSTAGED3001_w1_d3_s128 4.675s median_regret=0 floor=0.0861029
2026-09-22T11:59:43.003820+00:00 cell start NONSTAGED3001_w1_d3_s8
2026-09-22T11:59:45.831181+00:00 cell finished NONSTAGED3001_w1_d3_s8 2.813s median_regret=0.134021 floor=0.194476
2026-09-22T11:59:45.846834+00:00 cell start NONSTAGED3001_w1_d3_s2
2026-09-22T11:59:48.475632+00:00 cell finished NONSTAGED3001_w1_d3_s2 2.613s median_regret=0.128619 floor=0.178514
2026-09-22T11:59:48.491456+00:00 cell start NONSTAGED3001_w2_d3_s128
2026-09-22T11:59:53.138508+00:00 cell finished NONSTAGED3001_w2_d3_s128 4.635s median_regret=0 floor=0.088928
2026-09-22T11:59:53.154450+00:00 cell start NONSTAGED3001_w2_d3_s8
2026-09-22T11:59:55.937076+00:00 cell finished NONSTAGED3001_w2_d3_s8 2.770s median_regret=0.0223181 floor=0.260837
2026-09-22T11:59:55.952523+00:00 cell start NONSTAGED3001_w2_d3_s2
2026-09-22T11:59:58.537546+00:00 cell finished NONSTAGED3001_w2_d3_s2 2.570s median_regret=0.19535 floor=0.125987
2026-09-22T11:59:58.554212+00:00 cell start RESET5000_w0_d3_s128
2026-09-22T12:00:03.050848+00:00 cell finished RESET5000_w0_d3_s128 4.483s median_regret=0 floor=0.102336
2026-09-22T12:00:03.067566+00:00 cell start RESET5000_w0_d3_s8
2026-09-22T12:00:06.008025+00:00 cell finished RESET5000_w0_d3_s8 2.927s median_regret=0.177593 floor=0.199775
2026-09-22T12:00:06.024612+00:00 cell start RESET5000_w0_d3_s2
2026-09-22T12:00:08.777232+00:00 cell finished RESET5000_w0_d3_s2 2.739s median_regret=0.227863 floor=0.110049
2026-09-22T12:00:08.793177+00:00 cell start RESET5000_w1_d3_s128
2026-09-22T12:00:13.386331+00:00 cell finished RESET5000_w1_d3_s128 4.578s median_regret=0 floor=0.0850621
2026-09-22T12:00:13.403203+00:00 cell start RESET5000_w1_d3_s8
2026-09-22T12:00:16.148979+00:00 cell finished RESET5000_w1_d3_s8 2.732s median_regret=0.112138 floor=0.209254
2026-09-22T12:00:16.165924+00:00 cell start RESET5000_w1_d3_s2
2026-09-22T12:00:18.831961+00:00 cell finished RESET5000_w1_d3_s2 2.653s median_regret=0.223499 floor=0.191196
2026-09-22T12:00:18.847364+00:00 cell start RESET5000_w2_d3_s128
2026-09-22T12:00:23.461730+00:00 cell finished RESET5000_w2_d3_s128 4.602s median_regret=0 floor=0.0760096
2026-09-22T12:00:23.472561+00:00 cell start RESET5000_w2_d3_s8
2026-09-22T12:00:26.216320+00:00 cell finished RESET5000_w2_d3_s8 2.734s median_regret=0.114654 floor=0.230288
2026-09-22T12:00:26.226780+00:00 cell start RESET5000_w2_d3_s2
2026-09-22T12:00:28.911489+00:00 cell finished RESET5000_w2_d3_s2 2.675s median_regret=0.208843 floor=0.172093
