2026-09-17T14:39:18.608481+00:00 LAUNCH/RESUME 7858a4d35e03e3eae18dae281e92581333224e565642e17e02f9eb6393d3a7de pid 36272
2026-09-17T14:39:18.628584+00:00 STAGED5000_w0 start
2026-09-17T14:39:22.667752+00:00 STAGED5000_w0 finish anchors pass, 4.023s
2026-09-17T14:39:22.702614+00:00 STAGED5000_w1 start
2026-09-17T14:39:24.212875+00:00 STAGED5000_w1 finish anchors pass, 1.487s
2026-09-17T14:39:24.250334+00:00 STAGED5000_w2 start
2026-09-17T14:39:25.679769+00:00 STAGED5000_w2 finish anchors pass, 1.412s
2026-09-17T14:39:25.717191+00:00 STAGED3001_w0 start
2026-09-17T14:39:27.141063+00:00 STAGED3001_w0 finish anchors pass, 1.407s
2026-09-17T14:39:27.177151+00:00 STAGED3001_w1 start
2026-09-17T14:39:28.530238+00:00 STAGED3001_w1 finish anchors pass, 1.335s
2026-09-17T14:39:28.562302+00:00 STAGED3001_w2 start
2026-09-17T14:39:30.312329+00:00 STAGED3001_w2 finish anchors pass, 1.737s
2026-09-17T14:39:30.347150+00:00 NONSTAGED3001_w0 start
2026-09-17T14:39:31.943025+00:00 NONSTAGED3001_w0 finish anchors pass, 1.582s
2026-09-17T14:39:31.978380+00:00 NONSTAGED3001_w1 start
2026-09-17T14:39:33.442574+00:00 NONSTAGED3001_w1 finish anchors pass, 1.449s
2026-09-17T14:39:33.479489+00:00 NONSTAGED3001_w2 start
2026-09-17T14:39:35.412789+00:00 NONSTAGED3001_w2 finish anchors pass, 1.919s
2026-09-17T14:39:35.446991+00:00 RESET5000_w0 start
2026-09-17T14:39:36.963184+00:00 RESET5000_w0 finish anchors pass, 1.503s
2026-09-17T14:39:36.998984+00:00 RESET5000_w1 start
2026-09-17T14:39:38.438389+00:00 RESET5000_w1 finish anchors pass, 1.425s
2026-09-17T14:39:38.474140+00:00 RESET5000_w2 start
2026-09-17T14:39:39.866664+00:00 RESET5000_w2 finish anchors pass, 1.378s
2026-09-17T14:39:39.903411+00:00 EXIT 0 complete; no PX7 verdict
