2026-10-04T00:46:55.051930+00:00 LAUNCH af05722faab611fde206c03ef225fb89a12ba1c27f015b663a6504af0045e746 todo=150 reused=0 jobs=3 scale=1 free=9.2GiB
2026-10-04T01:01:52.426195+00:00 cell finished REROUTE_WAKE_w930_s0 894.4s terminal=0.0151198 changed=447 stale=0
2026-10-04T01:01:59.029731+00:00 cell finished REROUTE_WAKE_w930_s1 901.0s terminal=0.00607163 changed=477 stale=0
2026-10-04T01:02:03.419912+00:00 cell finished REROUTE_WAKE_w930_s2 905.4s terminal=0.0184486 changed=2392 stale=0
2026-10-04T01:12:15.841411+00:00 cell finished REROUTE_WAKE_w931_s0 623.4s terminal=0.0884002 changed=498 stale=1
2026-10-04T01:12:20.164347+00:00 cell finished REROUTE_WAKE_w931_s1 621.1s terminal=0.0120753 changed=777 stale=0
2026-10-04T01:12:46.904297+00:00 cell finished REROUTE_WAKE_w931_s2 643.5s terminal=0.126831 changed=605 stale=1
2026-10-04T01:22:31.319519+00:00 cell finished REROUTE_WAKE_w932_s0 615.5s terminal=0.040286 changed=604 stale=0
2026-10-04T01:22:54.702434+00:00 cell finished REROUTE_WAKE_w932_s1 634.5s terminal=0.0148003 changed=1090 stale=0
2026-10-04T01:23:27.896823+00:00 cell finished REROUTE_WAKE_w932_s2 641.0s terminal=0.231957 changed=1884 stale=1
2026-10-04T01:36:39.651519+00:00 cell finished REROUTE_WAKE_w933_s0 848.3s terminal=0.0106897 changed=555 stale=0
2026-10-04T01:36:56.708439+00:00 cell finished REROUTE_WAKE_w933_s1 842.0s terminal=0.0117276 changed=871 stale=0
2026-10-04T01:37:42.586098+00:00 cell finished REROUTE_WAKE_w933_s2 854.7s terminal=0.0235028 changed=867 stale=0
2026-10-04T01:48:39.237590+00:00 cell finished REROUTE_WAKE_w934_s0 719.6s terminal=0.00745795 changed=103 stale=0
2026-10-04T01:49:22.163661+00:00 cell finished REROUTE_WAKE_w934_s1 745.4s terminal=0.01233 changed=418 stale=0
2026-10-04T01:50:22.998437+00:00 cell finished REROUTE_WAKE_w934_s2 760.4s terminal=0.0124582 changed=148 stale=0
2026-10-04T02:01:15.662940+00:00 cell finished REROUTE_WAKE_w935_s0 756.4s terminal=0.0095803 changed=226 stale=0
2026-10-04T02:01:54.871307+00:00 cell finished REROUTE_WAKE_w935_s1 752.7s terminal=0.020064 changed=812 stale=0
2026-10-04T02:03:02.730678+00:00 cell finished REROUTE_WAKE_w935_s2 759.7s terminal=0.00784502 changed=718 stale=0
2026-10-04T02:14:46.722968+00:00 cell finished REROUTE_WAKE_w936_s0 811.0s terminal=0.0136328 changed=332 stale=0
2026-10-04T02:15:17.725394+00:00 cell finished REROUTE_WAKE_w936_s1 802.8s terminal=0.015739 changed=120 stale=0
2026-10-04T02:16:33.988449+00:00 cell finished REROUTE_WAKE_w936_s2 811.2s terminal=0.0076167 changed=87 stale=0
2026-10-04T02:25:02.566221+00:00 cell finished REROUTE_WAKE_w937_s0 615.8s terminal=0.0454445 changed=83 stale=0
2026-10-04T02:25:29.113765+00:00 cell finished REROUTE_WAKE_w937_s1 611.4s terminal=0.117076 changed=249 stale=1
2026-10-04T02:27:04.359224+00:00 cell finished REROUTE_WAKE_w937_s2 630.4s terminal=0.0939945 changed=464 stale=0
2026-10-04T02:35:34.265046+00:00 cell finished REROUTE_WAKE_w938_s0 631.7s terminal=0.0134907 changed=534 stale=0
2026-10-04T02:36:02.369741+00:00 cell finished REROUTE_WAKE_w938_s1 633.2s terminal=0.0508483 changed=727 stale=0
2026-10-04T02:37:52.631767+00:00 cell finished REROUTE_WAKE_w938_s2 648.3s terminal=0.210721 changed=227 stale=1
2026-10-04T02:46:29.547763+00:00 cell finished REROUTE_WAKE_w939_s0 655.3s terminal=0.00879323 changed=580 stale=0
2026-10-04T02:46:54.545966+00:00 cell finished REROUTE_WAKE_w939_s1 652.2s terminal=0.011381 changed=157 stale=0
2026-10-04T02:48:49.708064+00:00 cell finished REROUTE_WAKE_w939_s2 657.1s terminal=0.0116018 changed=493 stale=0
2026-10-04T02:57:54.979495+00:00 cell finished REROUTE_WAKE_w940_s0 685.4s terminal=0.0130689 changed=393 stale=0
2026-10-04T02:58:27.718072+00:00 cell finished REROUTE_WAKE_w940_s1 693.2s terminal=0.00993684 changed=522 stale=0
2026-10-04T03:00:44.476404+00:00 cell finished REROUTE_WAKE_w940_s2 714.8s terminal=0.0287762 changed=268 stale=0
2026-10-04T03:08:24.291689+00:00 cell finished REROUTE_WAKE_w941_s0 629.3s terminal=0.0208208 changed=163 stale=0
2026-10-04T03:08:57.325987+00:00 cell finished REROUTE_WAKE_w941_s1 629.6s terminal=0.018207 changed=299 stale=0
2026-10-04T03:11:29.975303+00:00 cell finished REROUTE_WAKE_w941_s2 645.5s terminal=0.0150162 changed=110 stale=0
2026-10-04T03:20:56.644977+00:00 cell finished REROUTE_WAKE_w942_s0 752.3s terminal=0.0134814 changed=641 stale=0
2026-10-04T03:21:26.575027+00:00 cell finished REROUTE_WAKE_w942_s1 749.2s terminal=0.0224789 changed=751 stale=0
2026-10-04T03:24:26.474823+00:00 cell finished REROUTE_WAKE_w942_s2 776.5s terminal=0.00819505 changed=494 stale=0
2026-10-04T03:33:06.140753+00:00 cell finished REROUTE_WAKE_w943_s0 729.5s terminal=0.0112719 changed=246 stale=0
2026-10-04T03:33:31.982664+00:00 cell finished REROUTE_WAKE_w943_s1 725.4s terminal=0.0102216 changed=282 stale=0
2026-10-04T03:37:53.571962+00:00 cell finished REROUTE_WAKE_w943_s2 807.1s terminal=0.01427 changed=900 stale=0
2026-10-04T03:47:31.593330+00:00 cell finished REROUTE_WAKE_w944_s0 865.4s terminal=0.0159776 changed=889 stale=0
2026-10-04T03:47:53.259176+00:00 cell finished REROUTE_WAKE_w944_s1 861.3s terminal=0.012057 changed=297 stale=0
2026-10-04T03:52:30.443581+00:00 cell finished REROUTE_WAKE_w944_s2 876.9s terminal=0.0790443 changed=598 stale=1
2026-10-04T03:58:00.273431+00:00 cell finished SHUFFLED_w930_s0 628.7s terminal=0.518912
2026-10-04T03:58:12.278368+00:00 cell finished SHUFFLED_w930_s1 619.0s terminal=0.257383
2026-10-04T04:02:32.123053+00:00 cell finished SHUFFLED_w930_s2 601.7s terminal=1.73799
2026-10-04T04:07:36.388635+00:00 cell finished SHUFFLED_w931_s0 576.1s terminal=0.572486
2026-10-04T04:07:47.204751+00:00 cell finished SHUFFLED_w931_s1 574.9s terminal=0.0183488
2026-10-04T04:14:24.932715+00:00 cell finished SHUFFLED_w931_s2 712.8s terminal=0.0344385
2026-10-04T04:21:29.914871+00:00 cell finished SHUFFLED_w932_s0 833.5s terminal=0.278184
2026-10-04T04:21:48.799489+00:00 cell finished SHUFFLED_w932_s1 841.6s terminal=0.0621616
2026-10-04T04:27:24.132557+00:00 cell finished SHUFFLED_w932_s2 779.2s terminal=0.178149
2026-10-04T04:33:33.152693+00:00 cell finished SHUFFLED_w933_s0 723.2s terminal=0.041763
2026-10-04T04:33:40.993273+00:00 cell finished SHUFFLED_w933_s1 712.2s terminal=0.0832721
2026-10-04T04:38:28.546144+00:00 cell finished SHUFFLED_w933_s2 664.3s terminal=0.261361
2026-10-04T04:42:58.732951+00:00 cell finished SHUFFLED_w934_s0 565.5s terminal=0.0399585
2026-10-04T04:43:08.826736+00:00 cell finished SHUFFLED_w934_s1 567.8s terminal=1.06702
2026-10-04T04:50:19.539094+00:00 cell finished SHUFFLED_w934_s2 711.0s terminal=0.0818353
2026-10-04T04:54:35.001057+00:00 cell finished SHUFFLED_w935_s0 696.3s terminal=0.0977041
2026-10-04T04:54:46.763993+00:00 cell finished SHUFFLED_w935_s1 697.9s terminal=0.0238926
2026-10-04T05:02:05.623961+00:00 cell finished SHUFFLED_w935_s2 706.1s terminal=0.543068
2026-10-04T05:06:14.823624+00:00 cell finished SHUFFLED_w936_s0 699.8s terminal=0.0270269
2026-10-04T05:06:22.155111+00:00 cell finished SHUFFLED_w936_s1 695.4s terminal=0.0622701
2026-10-04T05:11:54.440334+00:00 cell finished SHUFFLED_w936_s2 588.8s terminal=0.020394
2026-10-04T05:17:51.366160+00:00 cell finished SHUFFLED_w937_s0 696.5s terminal=0.013588
2026-10-04T05:17:58.523810+00:00 cell finished SHUFFLED_w937_s1 696.4s terminal=0.0724926
2026-10-04T05:24:11.786522+00:00 cell finished SHUFFLED_w937_s2 737.3s terminal=0.350275
2026-10-04T05:29:53.461867+00:00 cell finished SHUFFLED_w938_s1 714.7s terminal=0.0223612
2026-10-04T05:29:53.529804+00:00 cell finished SHUFFLED_w938_s0 722.1s terminal=0.0350903
2026-10-04T05:35:43.986243+00:00 cell finished SHUFFLED_w938_s2 692.2s terminal=0.0889122
2026-10-04T05:38:56.529315+00:00 cell finished SHUFFLED_w939_s1 543.1s terminal=0.0404804
2026-10-04T05:38:57.141878+00:00 cell finished SHUFFLED_w939_s0 543.9s terminal=0.193923
2026-10-04T05:44:14.174034+00:00 cell finished SHUFFLED_w939_s2 510.2s terminal=0.0638297
2026-10-04T05:47:12.137862+00:00 cell finished SHUFFLED_w940_s0 495.6s terminal=0.0292521
2026-10-04T05:47:13.039688+00:00 cell finished SHUFFLED_w940_s1 495.9s terminal=1.67268
2026-10-04T05:52:39.898858+00:00 cell finished SHUFFLED_w940_s2 505.7s terminal=0.0352644
2026-10-04T05:55:23.401841+00:00 cell finished SHUFFLED_w941_s0 491.3s terminal=0.0406521
2026-10-04T05:55:26.195131+00:00 cell finished SHUFFLED_w941_s1 493.1s terminal=0.0435693
2026-10-04T06:01:20.001637+00:00 cell finished SHUFFLED_w941_s2 520.1s terminal=0.0271769
2026-10-04T06:03:55.392480+00:00 cell finished SHUFFLED_w942_s0 512.0s terminal=0.0267403
2026-10-04T06:03:59.145999+00:00 cell finished SHUFFLED_w942_s1 512.9s terminal=0.0289175
2026-10-04T06:10:01.312606+00:00 cell finished SHUFFLED_w942_s2 521.3s terminal=0.0485719
2026-10-04T06:12:22.349762+00:00 cell finished SHUFFLED_w943_s0 507.0s terminal=0.113664
2026-10-04T06:12:27.367812+00:00 cell finished SHUFFLED_w943_s1 508.2s terminal=0.0388026
2026-10-04T06:18:44.495699+00:00 cell finished SHUFFLED_w943_s2 523.2s terminal=1.39663
2026-10-04T06:20:52.060616+00:00 cell finished SHUFFLED_w944_s0 509.7s terminal=1.52646
2026-10-04T06:20:55.153505+00:00 cell finished SHUFFLED_w944_s1 507.8s terminal=0.0222935
2026-10-04T06:23:50.359379+00:00 cell finished PLAIN_w930_s0 178.3s terminal=1.89468
2026-10-04T06:23:53.341087+00:00 cell finished PLAIN_w931_s0 178.2s terminal=2.0426
2026-10-04T06:26:49.848186+00:00 cell finished PLAIN_w932_s0 179.5s terminal=1.97331
2026-10-04T06:26:51.849258+00:00 cell finished PLAIN_w933_s0 178.5s terminal=1.89507
2026-10-04T06:27:25.749223+00:00 cell finished SHUFFLED_w944_s2 521.2s terminal=0.0711597
2026-10-04T06:29:52.160504+00:00 cell finished PLAIN_w934_s0 182.3s terminal=1.8635
2026-10-04T06:29:53.810012+00:00 cell finished PLAIN_w935_s0 182.0s terminal=1.94529
2026-10-04T06:30:32.560259+00:00 cell finished PLAIN_w936_s0 186.8s terminal=1.87006
2026-10-04T06:32:52.800834+00:00 cell finished PLAIN_w937_s0 180.6s terminal=2.0062
2026-10-04T06:32:54.653518+00:00 cell finished PLAIN_w938_s0 180.8s terminal=1.95413
2026-10-04T06:33:37.455307+00:00 cell finished PLAIN_w939_s0 184.9s terminal=1.86301
2026-10-04T06:35:53.296142+00:00 cell finished PLAIN_w940_s0 180.5s terminal=1.90088
2026-10-04T06:35:54.755342+00:00 cell finished PLAIN_w941_s0 180.1s terminal=1.93573
2026-10-04T06:36:41.979120+00:00 cell finished PLAIN_w942_s0 184.5s terminal=1.89526
2026-10-04T06:38:59.181911+00:00 cell finished PLAIN_w943_s0 185.9s terminal=1.9078
2026-10-04T06:38:59.576827+00:00 cell finished PLAIN_w944_s0 184.8s terminal=1.99598
2026-10-04T06:39:21.373513+00:00 cell finished REROUTE_SLEEP_w930_s0 159.4s terminal=0.0146523 changed=54
2026-10-04T06:41:35.815134+00:00 cell finished REROUTE_SLEEP_w930_s1 156.6s terminal=0.0133621 changed=34
2026-10-04T06:41:35.903897+00:00 cell finished REROUTE_SLEEP_w930_s2 156.3s terminal=0.00923907 changed=61
2026-10-04T06:41:59.990928+00:00 cell finished REROUTE_SLEEP_w931_s0 158.6s terminal=0.0144126 changed=58
2026-10-04T06:44:07.266860+00:00 cell finished REROUTE_SLEEP_w931_s2 151.4s terminal=0.00891473 changed=31
2026-10-04T06:44:07.594759+00:00 cell finished REROUTE_SLEEP_w931_s1 151.8s terminal=0.00641775 changed=15
2026-10-04T06:44:34.974271+00:00 cell finished REROUTE_SLEEP_w932_s0 155.0s terminal=0.0104643 changed=39
2026-10-04T06:46:38.868106+00:00 cell finished REROUTE_SLEEP_w932_s1 151.6s terminal=0.00912388 changed=32
2026-10-04T06:46:39.452181+00:00 cell finished REROUTE_SLEEP_w932_s2 151.9s terminal=0.01193 changed=34
2026-10-04T06:47:09.512852+00:00 cell finished REROUTE_SLEEP_w933_s0 154.5s terminal=0.00919735 changed=37
2026-10-04T06:49:10.619198+00:00 cell finished REROUTE_SLEEP_w933_s1 151.7s terminal=0.0118771 changed=34
2026-10-04T06:49:12.381748+00:00 cell finished REROUTE_SLEEP_w933_s2 152.9s terminal=0.00888871 changed=51
2026-10-04T06:49:44.807833+00:00 cell finished REROUTE_SLEEP_w934_s0 155.3s terminal=0.00950073 changed=12
2026-10-04T06:51:41.889391+00:00 cell finished REROUTE_SLEEP_w934_s1 151.3s terminal=0.0131788 changed=40
2026-10-04T06:51:45.045265+00:00 cell finished REROUTE_SLEEP_w934_s2 152.7s terminal=0.0104098 changed=33
2026-10-04T06:52:24.865738+00:00 cell finished REROUTE_SLEEP_w935_s0 160.1s terminal=0.00892085 changed=30
2026-10-04T06:54:22.093557+00:00 cell finished REROUTE_SLEEP_w935_s1 160.2s terminal=0.00642872 changed=23
2026-10-04T06:54:26.907484+00:00 cell finished REROUTE_SLEEP_w935_s2 161.9s terminal=0.00867168 changed=47
2026-10-04T06:55:04.820678+00:00 cell finished REROUTE_SLEEP_w936_s0 159.9s terminal=0.00525107 changed=27
2026-10-04T06:56:54.703330+00:00 cell finished REROUTE_SLEEP_w936_s1 152.6s terminal=0.0131376 changed=16
2026-10-04T06:56:59.725695+00:00 cell finished REROUTE_SLEEP_w936_s2 152.8s terminal=0.00950988 changed=22
2026-10-04T06:57:40.280296+00:00 cell finished REROUTE_SLEEP_w937_s0 155.5s terminal=0.00948216 changed=14
2026-10-04T06:59:27.393988+00:00 cell finished REROUTE_SLEEP_w937_s1 152.7s terminal=0.00902301 changed=24
2026-10-04T06:59:31.667464+00:00 cell finished REROUTE_SLEEP_w937_s2 151.9s terminal=0.00914741 changed=45
2026-10-04T07:00:15.279521+00:00 cell finished REROUTE_SLEEP_w938_s1 155.0s terminal=0.0114662 changed=23
2026-10-04T07:02:00.817135+00:00 cell finished REROUTE_SLEEP_w938_s0 153.4s terminal=0.0133468 changed=26
2026-10-04T07:02:04.800055+00:00 cell finished REROUTE_SLEEP_w938_s2 153.1s terminal=0.0113197 changed=23
2026-10-04T07:02:53.698593+00:00 cell finished REROUTE_SLEEP_w939_s1 158.4s terminal=0.0106621 changed=21
2026-10-04T07:04:40.009681+00:00 cell finished REROUTE_SLEEP_w939_s0 159.2s terminal=0.0115349 changed=33
2026-10-04T07:04:44.490325+00:00 cell finished REROUTE_SLEEP_w939_s2 159.7s terminal=0.0131776 changed=43
2026-10-04T07:05:40.282510+00:00 cell finished REROUTE_SLEEP_w940_s0 166.6s terminal=0.0119921 changed=33
2026-10-04T07:07:28.011744+00:00 cell finished REROUTE_SLEEP_w940_s1 168.0s terminal=0.0114971 changed=50
2026-10-04T07:07:32.354220+00:00 cell finished REROUTE_SLEEP_w940_s2 167.9s terminal=0.0104853 changed=24
2026-10-04T07:08:23.029128+00:00 cell finished REROUTE_SLEEP_w941_s0 162.7s terminal=0.0095909 changed=19
2026-10-04T07:10:00.601744+00:00 cell finished REROUTE_SLEEP_w941_s1 152.6s terminal=0.0081654 changed=27
2026-10-04T07:10:05.694202+00:00 cell finished REROUTE_SLEEP_w941_s2 153.3s terminal=0.00728802 changed=21
2026-10-04T07:10:58.398193+00:00 cell finished REROUTE_SLEEP_w942_s0 155.4s terminal=0.0102724 changed=28
2026-10-04T07:12:35.584960+00:00 cell finished REROUTE_SLEEP_w942_s1 155.0s terminal=0.00904479 changed=21
2026-10-04T07:12:37.346880+00:00 cell finished REROUTE_SLEEP_w942_s2 151.7s terminal=0.00990669 changed=33
2026-10-04T07:13:36.529271+00:00 cell finished REROUTE_SLEEP_w943_s0 158.1s terminal=0.0140518 changed=36
2026-10-04T07:15:12.153747+00:00 cell finished REROUTE_SLEEP_w943_s1 156.6s terminal=0.0104748 changed=36
2026-10-04T07:15:14.207219+00:00 cell finished REROUTE_SLEEP_w943_s2 156.9s terminal=0.0113113 changed=43
2026-10-04T07:16:13.863624+00:00 cell finished REROUTE_SLEEP_w944_s0 157.3s terminal=0.0128796 changed=47
2026-10-04T07:17:41.829912+00:00 cell finished REROUTE_SLEEP_w944_s1 149.7s terminal=0.0156824 changed=31
2026-10-04T07:17:46.370584+00:00 cell finished REROUTE_SLEEP_w944_s2 152.2s terminal=0.0130369 changed=36
