2026-09-27T19:27:21.688104+00:00 LAUNCH c8ea481ad94e54700132564d62510cc89e23a43d2698aba233c89f4ac620942f todo=150 reused=0 jobs=3 scale=1 free=6.3GiB
2026-09-27T19:47:10.175440+00:00 cell finished SHUFFLED_w915_s0 1184.9s terminal=0.188667
2026-09-27T19:47:19.929282+00:00 cell finished SHUFFLED_w915_s1 1194.6s terminal=0.192924
2026-09-27T19:47:20.634710+00:00 cell finished SHUFFLED_w915_s2 1195.3s terminal=0.306204
2026-09-27T20:07:25.208645+00:00 cell finished SHUFFLED_w916_s0 1215.0s terminal=0.0615537
2026-09-27T20:07:32.224450+00:00 cell finished SHUFFLED_w916_s1 1212.3s terminal=0.245652
2026-09-27T20:07:37.377516+00:00 cell finished SHUFFLED_w916_s2 1216.7s terminal=0.0267044
2026-09-27T20:27:45.124245+00:00 cell finished SHUFFLED_w917_s0 1219.9s terminal=0.0922101
2026-09-27T20:27:54.095271+00:00 cell finished SHUFFLED_w917_s1 1221.8s terminal=0.126334
2026-09-27T20:27:56.906163+00:00 cell finished SHUFFLED_w917_s2 1219.5s terminal=0.0172291
2026-09-27T20:47:30.450277+00:00 cell finished SHUFFLED_w918_s0 1185.3s terminal=1.92584
2026-09-27T20:47:31.335882+00:00 cell finished SHUFFLED_w918_s1 1177.2s terminal=0.0434357
2026-09-27T20:47:43.472244+00:00 cell finished SHUFFLED_w918_s2 1186.5s terminal=0.0675978
2026-09-27T21:07:10.595185+00:00 cell finished SHUFFLED_w919_s0 1180.1s terminal=0.0850474
2026-09-27T21:07:15.366412+00:00 cell finished SHUFFLED_w919_s1 1184.0s terminal=1.63035
2026-09-27T21:07:29.102519+00:00 cell finished SHUFFLED_w919_s2 1185.6s terminal=0.0246
2026-09-27T21:27:39.340210+00:00 cell finished SHUFFLED_w920_s0 1228.7s terminal=0.259681
2026-09-27T21:27:42.233145+00:00 cell finished SHUFFLED_w920_s1 1226.8s terminal=1.78161
2026-09-27T21:27:58.289233+00:00 cell finished SHUFFLED_w920_s2 1229.2s terminal=1.8236
2026-09-27T21:47:35.862716+00:00 cell finished SHUFFLED_w921_s1 1193.6s terminal=0.12346
2026-09-27T21:47:41.172155+00:00 cell finished SHUFFLED_w921_s0 1201.8s terminal=0.768077
2026-09-27T21:48:05.571142+00:00 cell finished SHUFFLED_w921_s2 1207.3s terminal=2.00605
2026-09-27T22:07:23.650479+00:00 cell finished SHUFFLED_w922_s0 1187.8s terminal=0.0157366
2026-09-27T22:07:30.789893+00:00 cell finished SHUFFLED_w922_s1 1189.6s terminal=0.116026
2026-09-27T22:08:12.372225+00:00 cell finished SHUFFLED_w922_s2 1206.8s terminal=0.288366
2026-09-27T22:23:19.566970+00:00 cell finished SHUFFLED_w923_s0 955.9s terminal=0.0880643
2026-09-27T22:23:24.641604+00:00 cell finished SHUFFLED_w923_s1 953.8s terminal=1.6255
2026-09-27T22:23:50.048091+00:00 cell finished SHUFFLED_w923_s2 937.7s terminal=0.0442438
2026-09-27T22:33:31.380460+00:00 cell finished SHUFFLED_w924_s1 606.7s terminal=0.0165514
2026-09-27T22:33:32.465980+00:00 cell finished SHUFFLED_w924_s0 612.9s terminal=0.0863033
2026-09-27T22:34:01.616883+00:00 cell finished SHUFFLED_w924_s2 611.6s terminal=0.0194395
2026-09-27T22:44:39.072663+00:00 cell finished SHUFFLED_w925_s0 667.7s terminal=0.0207218
2026-09-27T22:44:44.063358+00:00 cell finished SHUFFLED_w925_s1 671.6s terminal=0.746319
2026-09-27T22:45:14.467747+00:00 cell finished SHUFFLED_w925_s2 672.8s terminal=0.799272
2026-09-27T22:54:19.285806+00:00 cell finished SHUFFLED_w926_s0 580.2s terminal=0.0197182
2026-09-27T22:54:30.249354+00:00 cell finished SHUFFLED_w926_s1 586.2s terminal=0.0222738
2026-09-27T22:55:04.095329+00:00 cell finished SHUFFLED_w926_s2 589.6s terminal=0.395943
2026-09-27T23:05:26.387486+00:00 cell finished SHUFFLED_w927_s0 667.1s terminal=0.0788345
2026-09-27T23:06:00.080523+00:00 cell finished SHUFFLED_w927_s1 689.8s terminal=0.61908
2026-09-27T23:06:38.822911+00:00 cell finished SHUFFLED_w927_s2 694.7s terminal=0.100155
2026-09-27T23:15:19.528800+00:00 cell finished SHUFFLED_w928_s0 593.1s terminal=0.17557
2026-09-27T23:15:36.803786+00:00 cell finished SHUFFLED_w928_s1 576.7s terminal=0.127357
2026-09-27T23:16:18.165344+00:00 cell finished SHUFFLED_w928_s2 579.3s terminal=0.0788187
2026-09-27T23:26:47.630950+00:00 cell finished SHUFFLED_w929_s0 688.1s terminal=0.0401318
2026-09-27T23:27:08.798096+00:00 cell finished SHUFFLED_w929_s1 692.0s terminal=0.0371224
2026-09-27T23:27:46.298556+00:00 cell finished SHUFFLED_w929_s2 688.1s terminal=0.125435
2026-09-27T23:30:19.903058+00:00 cell finished PLAIN_w915_s0 212.3s terminal=1.96472
2026-09-27T23:30:43.285658+00:00 cell finished PLAIN_w916_s0 214.5s terminal=1.95349
2026-09-27T23:31:21.532483+00:00 cell finished PLAIN_w917_s0 215.2s terminal=1.97139
2026-09-27T23:34:26.079717+00:00 cell finished PLAIN_w918_s0 246.2s terminal=2.04265
2026-09-27T23:35:07.033385+00:00 cell finished PLAIN_w919_s0 263.7s terminal=2.00584
2026-09-27T23:36:17.542183+00:00 cell finished PLAIN_w920_s0 296.0s terminal=1.98141
2026-09-27T23:38:39.719427+00:00 cell finished PLAIN_w921_s0 253.6s terminal=1.87977
2026-09-27T23:38:59.005489+00:00 cell finished PLAIN_w922_s0 232.0s terminal=1.93155
2026-09-27T23:39:35.685881+00:00 cell finished PLAIN_w923_s0 198.1s terminal=1.883
2026-09-27T23:41:53.348709+00:00 cell finished PLAIN_w924_s0 193.6s terminal=1.94972
2026-09-27T23:42:13.082988+00:00 cell finished PLAIN_w925_s0 194.1s terminal=1.98058
2026-09-27T23:42:50.503630+00:00 cell finished PLAIN_w926_s0 194.8s terminal=1.99152
2026-09-27T23:45:09.133197+00:00 cell finished PLAIN_w927_s0 195.8s terminal=1.99178
2026-09-27T23:45:29.540993+00:00 cell finished PLAIN_w928_s0 196.3s terminal=2.01324
2026-09-27T23:46:08.080812+00:00 cell finished PLAIN_w929_s0 197.6s terminal=1.99692
2026-09-27T23:47:54.106424+00:00 cell finished REROUTE_SLEEP_w915_s0 165.0s terminal=0.0118541 changed=30
2026-09-27T23:48:15.109616+00:00 cell finished SLEEP_w915_s0 165.7s terminal=0.0398016
2026-09-27T23:49:00.086868+00:00 cell finished REROUTE_SLEEP_w915_s1 172.0s terminal=0.0151153 changed=47
2026-09-27T23:50:58.452479+00:00 cell finished SLEEP_w915_s1 184.4s terminal=0.0590355
2026-09-27T23:51:24.163786+00:00 cell finished REROUTE_SLEEP_w915_s2 189.1s terminal=0.0138248 changed=50
2026-09-27T23:52:07.728557+00:00 cell finished SLEEP_w915_s2 187.6s terminal=0.0379312
2026-09-27T23:53:58.179641+00:00 cell finished REROUTE_SLEEP_w916_s0 179.7s terminal=0.0112767 changed=25
2026-09-27T23:54:19.959545+00:00 cell finished SLEEP_w916_s0 175.8s terminal=0.0216272
2026-09-27T23:55:04.838947+00:00 cell finished REROUTE_SLEEP_w916_s1 177.1s terminal=0.0099705 changed=31
2026-09-27T23:56:53.029771+00:00 cell finished SLEEP_w916_s1 174.9s terminal=0.0221807
2026-09-27T23:57:14.787418+00:00 cell finished REROUTE_SLEEP_w916_s2 174.8s terminal=0.00915764 changed=22
2026-09-27T23:57:53.159255+00:00 cell finished SLEEP_w916_s2 168.3s terminal=0.0156315
2026-09-27T23:59:36.764480+00:00 cell finished REROUTE_SLEEP_w917_s0 163.7s terminal=0.0122586 changed=41
2026-09-27T23:59:56.826560+00:00 cell finished SLEEP_w917_s0 162.0s terminal=0.0278443
2026-09-28T00:00:37.410105+00:00 cell finished REROUTE_SLEEP_w917_s1 164.3s terminal=0.00899179 changed=27
2026-09-28T00:02:18.120650+00:00 cell finished SLEEP_w917_s1 161.4s terminal=0.0211323
2026-09-28T00:02:42.381329+00:00 cell finished REROUTE_SLEEP_w917_s2 165.6s terminal=0.00563289 changed=18
2026-09-28T00:03:25.458732+00:00 cell finished SLEEP_w917_s2 168.0s terminal=0.0102917
2026-09-28T00:05:12.346855+00:00 cell finished REROUTE_SLEEP_w918_s0 174.2s terminal=0.0159358 changed=42
2026-09-28T00:05:36.628138+00:00 cell finished SLEEP_w918_s0 174.2s terminal=0.317483
2026-09-28T00:06:21.948238+00:00 cell finished REROUTE_SLEEP_w918_s1 176.5s terminal=0.00714062 changed=25
2026-09-28T00:08:07.752472+00:00 cell finished SLEEP_w918_s1 175.4s terminal=0.0199208
2026-09-28T00:08:31.727894+00:00 cell finished REROUTE_SLEEP_w918_s2 175.1s terminal=0.00698054 changed=24
2026-09-28T00:09:13.670662+00:00 cell finished SLEEP_w918_s2 171.7s terminal=0.0164628
2026-09-28T00:11:06.364930+00:00 cell finished REROUTE_SLEEP_w919_s0 178.6s terminal=0.00878685 changed=28
2026-09-28T00:11:31.607718+00:00 cell finished SLEEP_w919_s0 179.9s terminal=0.0247257
2026-09-28T00:12:17.492286+00:00 cell finished REROUTE_SLEEP_w919_s1 183.8s terminal=0.009559 changed=46
2026-09-28T00:14:09.315158+00:00 cell finished SLEEP_w919_s1 182.9s terminal=0.369298
2026-09-28T00:14:33.482129+00:00 cell finished REROUTE_SLEEP_w919_s2 181.9s terminal=0.00964802 changed=19
2026-09-28T00:15:18.656138+00:00 cell finished SLEEP_w919_s2 181.2s terminal=0.0181592
2026-09-28T00:17:13.791230+00:00 cell finished REROUTE_SLEEP_w920_s0 184.5s terminal=0.0100529 changed=41
2026-09-28T00:17:38.167157+00:00 cell finished SLEEP_w920_s0 184.7s terminal=0.0338942
2026-09-28T00:18:21.392116+00:00 cell finished REROUTE_SLEEP_w920_s1 182.7s terminal=0.010605 changed=73
2026-09-28T00:20:05.943035+00:00 cell finished SLEEP_w920_s1 172.2s terminal=0.127608
2026-09-28T00:20:40.956989+00:00 cell finished REROUTE_SLEEP_w920_s2 182.8s terminal=0.0121445 changed=68
2026-09-28T00:21:25.315896+00:00 cell finished SLEEP_w920_s2 183.9s terminal=1.46163
2026-09-28T00:23:12.817485+00:00 cell finished REROUTE_SLEEP_w921_s1 186.9s terminal=0.0145888 changed=37
2026-09-28T00:23:39.588496+00:00 cell finished SLEEP_w921_s1 178.6s terminal=0.0398835
2026-09-28T00:24:24.977806+00:00 cell finished REROUTE_SLEEP_w921_s0 179.7s terminal=0.0163746 changed=49
2026-09-28T00:26:07.002936+00:00 cell finished SLEEP_w921_s0 174.2s terminal=0.057791
2026-09-28T00:26:32.028572+00:00 cell finished REROUTE_SLEEP_w921_s2 172.5s terminal=0.0083139 changed=59
2026-09-28T00:27:14.302182+00:00 cell finished SLEEP_w921_s2 169.3s terminal=0.0725537
2026-09-28T00:28:54.779603+00:00 cell finished REROUTE_SLEEP_w922_s0 167.8s terminal=0.0125622 changed=18
2026-09-28T00:29:18.207161+00:00 cell finished SLEEP_w922_s0 166.2s terminal=0.0213984
2026-09-28T00:29:59.671583+00:00 cell finished REROUTE_SLEEP_w922_s1 165.4s terminal=0.0166492 changed=38
2026-09-28T00:31:36.280746+00:00 cell finished SLEEP_w922_s1 161.5s terminal=0.0246577
2026-09-28T00:32:02.287155+00:00 cell finished REROUTE_SLEEP_w922_s2 164.1s terminal=0.0116735 changed=43
2026-09-28T00:32:42.877501+00:00 cell finished SLEEP_w922_s2 163.2s terminal=0.0286101
2026-09-28T00:34:23.791714+00:00 cell finished REROUTE_SLEEP_w923_s0 167.2s terminal=0.0104518 changed=25
2026-09-28T00:34:48.025631+00:00 cell finished SLEEP_w923_s0 165.7s terminal=0.0183806
2026-09-28T00:35:31.009235+00:00 cell finished REROUTE_SLEEP_w923_s1 168.1s terminal=0.00791801 changed=48
2026-09-28T00:37:10.714476+00:00 cell finished SLEEP_w923_s1 167.3s terminal=0.115734
2026-09-28T00:37:41.940039+00:00 cell finished REROUTE_SLEEP_w923_s2 173.9s terminal=0.00524165 changed=23
2026-09-28T00:38:23.363894+00:00 cell finished SLEEP_w923_s2 172.4s terminal=0.0181652
2026-09-28T00:39:58.355626+00:00 cell finished REROUTE_SLEEP_w924_s1 167.6s terminal=0.015968 changed=8
2026-09-28T00:40:23.481609+00:00 cell finished SLEEP_w924_s1 161.6s terminal=0.0150318
2026-09-28T00:41:05.362631+00:00 cell finished REROUTE_SLEEP_w924_s0 162.0s terminal=0.0112706 changed=30
2026-09-28T00:42:42.636794+00:00 cell finished SLEEP_w924_s0 164.3s terminal=0.0243426
2026-09-28T00:43:11.232342+00:00 cell finished REROUTE_SLEEP_w924_s2 167.8s terminal=0.00916448 changed=13
2026-09-28T00:43:55.020648+00:00 cell finished SLEEP_w924_s2 169.7s terminal=0.0225469
2026-09-28T00:45:33.426764+00:00 cell finished REROUTE_SLEEP_w925_s0 170.8s terminal=0.0104537 changed=26
2026-09-28T00:46:02.197623+00:00 cell finished SLEEP_w925_s0 171.0s terminal=0.0155242
2026-09-28T00:46:45.837427+00:00 cell finished REROUTE_SLEEP_w925_s1 170.8s terminal=0.0117689 changed=54
2026-09-28T00:48:21.276603+00:00 cell finished SLEEP_w925_s1 167.8s terminal=0.0462756
2026-09-28T00:48:50.943644+00:00 cell finished REROUTE_SLEEP_w925_s2 168.7s terminal=0.0144567 changed=48
2026-09-28T00:49:32.244266+00:00 cell finished SLEEP_w925_s2 166.4s terminal=0.0535226
2026-09-28T00:51:17.156978+00:00 cell finished REROUTE_SLEEP_w926_s0 175.9s terminal=0.00976017 changed=15
2026-09-28T00:51:48.384700+00:00 cell finished SLEEP_w926_s0 177.4s terminal=0.020929
2026-09-28T00:52:34.549043+00:00 cell finished REROUTE_SLEEP_w926_s1 182.3s terminal=0.00739449 changed=27
2026-09-28T00:54:14.605232+00:00 cell finished SLEEP_w926_s1 177.5s terminal=0.0131914
2026-09-28T00:54:46.590268+00:00 cell finished REROUTE_SLEEP_w926_s2 178.2s terminal=0.0156409 changed=21
2026-09-28T00:55:31.181701+00:00 cell finished SLEEP_w926_s2 176.6s terminal=0.0177216
2026-09-28T00:57:13.876926+00:00 cell finished REROUTE_SLEEP_w927_s0 179.3s terminal=0.010061 changed=32
2026-09-28T00:57:44.824666+00:00 cell finished SLEEP_w927_s0 178.2s terminal=0.0179043
2026-09-28T00:58:30.444564+00:00 cell finished REROUTE_SLEEP_w927_s1 179.3s terminal=0.00950132 changed=46
2026-09-28T01:00:08.005865+00:00 cell finished SLEEP_w927_s1 174.1s terminal=0.0383098
2026-09-28T01:00:41.145044+00:00 cell finished REROUTE_SLEEP_w927_s2 176.3s terminal=0.00829419 changed=36
2026-09-28T01:01:32.637524+00:00 cell finished SLEEP_w927_s2 182.2s terminal=0.0449729
2026-09-28T01:03:58.527525+00:00 cell finished REROUTE_SLEEP_w928_s0 230.5s terminal=0.011961 changed=24
2026-09-28T01:05:02.528311+00:00 cell finished SLEEP_w928_s0 261.4s terminal=0.0180288
2026-09-28T01:05:57.779293+00:00 cell finished REROUTE_SLEEP_w928_s1 265.1s terminal=0.0159851 changed=39
2026-09-28T01:07:46.301383+00:00 cell finished SLEEP_w928_s1 227.8s terminal=0.0372461
2026-09-28T01:08:22.153712+00:00 cell finished REROUTE_SLEEP_w928_s2 199.6s terminal=0.0110856 changed=39
2026-09-28T01:09:08.623125+00:00 cell finished SLEEP_w928_s2 190.8s terminal=0.0294718
2026-09-28T01:10:47.651167+00:00 cell finished REROUTE_SLEEP_w929_s0 181.3s terminal=0.0130905 changed=31
2026-09-28T01:11:21.026108+00:00 cell finished SLEEP_w929_s0 178.9s terminal=0.0246675
2026-09-28T01:12:06.639384+00:00 cell finished REROUTE_SLEEP_w929_s1 178.0s terminal=0.0116469 changed=16
2026-09-28T01:14:52.002176+00:00 cell finished SLEEP_w929_s1 244.3s terminal=0.0217664
2026-09-28T01:15:28.700802+00:00 cell finished REROUTE_SLEEP_w929_s2 247.7s terminal=0.0106582 changed=40
2026-09-28T01:16:11.034224+00:00 cell finished SLEEP_w929_s2 244.4s terminal=0.0252668
