2026-09-22T12:38:49.443372+00:00 LAUNCH e70d0a72454c07d40f22acebe51732e71a4b9c327999748f4a48a86f32d990c0 label=full cells=72
2026-09-22T12:38:49.453313+00:00 cell start STAGED5000_w0_d3_s128
2026-09-22T12:38:54.606616+00:00 cell finished STAGED5000_w0_d3_s128 5.137s median_regret=0 floor=0
2026-09-22T12:38:54.624538+00:00 cell start STAGED5000_w0_d3_s8
2026-09-22T12:38:57.613815+00:00 cell finished STAGED5000_w0_d3_s8 2.972s median_regret=0 floor=0
2026-09-22T12:38:57.633062+00:00 cell start STAGED5000_w0_d3_s2
2026-09-22T12:39:00.522535+00:00 cell finished STAGED5000_w0_d3_s2 2.873s median_regret=0 floor=0
2026-09-22T12:39:00.541537+00:00 cell start STAGED5000_w0_d4_s128
2026-09-22T12:40:22.118469+00:00 cell finished STAGED5000_w0_d4_s128 81.452s median_regret=0 floor=0
2026-09-22T12:40:22.136985+00:00 cell start STAGED5000_w0_d4_s8
2026-09-22T12:41:16.578915+00:00 cell finished STAGED5000_w0_d4_s8 54.376s median_regret=0 floor=0
2026-09-22T12:41:16.593759+00:00 cell start STAGED5000_w0_d4_s2
2026-09-22T12:41:55.759261+00:00 cell finished STAGED5000_w0_d4_s2 39.106s median_regret=0 floor=0
2026-09-22T12:41:55.774277+00:00 cell start STAGED5000_w1_d3_s128
2026-09-22T12:42:01.707537+00:00 cell finished STAGED5000_w1_d3_s128 5.922s median_regret=0 floor=0
2026-09-22T12:42:01.722603+00:00 cell start STAGED5000_w1_d3_s8
2026-09-22T12:42:04.616709+00:00 cell finished STAGED5000_w1_d3_s8 2.882s median_regret=0 floor=0
2026-09-22T12:42:04.631609+00:00 cell start STAGED5000_w1_d3_s2
2026-09-22T12:42:07.483181+00:00 cell finished STAGED5000_w1_d3_s2 2.838s median_regret=0 floor=0
2026-09-22T12:42:07.499387+00:00 cell start STAGED5000_w1_d4_s128
2026-09-22T12:43:00.590657+00:00 cell finished STAGED5000_w1_d4_s128 53.035s median_regret=0 floor=0
2026-09-22T12:43:00.605600+00:00 cell start STAGED5000_w1_d4_s8
2026-09-22T12:43:34.507186+00:00 cell finished STAGED5000_w1_d4_s8 33.845s median_regret=0 floor=0
2026-09-22T12:43:34.521381+00:00 cell start STAGED5000_w1_d4_s2
2026-09-22T12:44:06.276855+00:00 cell finished STAGED5000_w1_d4_s2 31.695s median_regret=0 floor=0
2026-09-22T12:44:06.291074+00:00 cell start STAGED5000_w2_d3_s128
2026-09-22T12:44:10.927672+00:00 cell finished STAGED5000_w2_d3_s128 4.625s median_regret=0 floor=0
2026-09-22T12:44:10.942966+00:00 cell start STAGED5000_w2_d3_s8
2026-09-22T12:44:13.950705+00:00 cell finished STAGED5000_w2_d3_s8 2.996s median_regret=0 floor=0
2026-09-22T12:44:13.966370+00:00 cell start STAGED5000_w2_d3_s2
2026-09-22T12:44:16.674770+00:00 cell finished STAGED5000_w2_d3_s2 2.697s median_regret=0 floor=0
2026-09-22T12:44:16.689378+00:00 cell start STAGED5000_w2_d4_s128
2026-09-22T12:45:17.133005+00:00 cell finished STAGED5000_w2_d4_s128 60.369s median_regret=0 floor=0
2026-09-22T12:45:17.149380+00:00 cell start STAGED5000_w2_d4_s8
2026-09-22T12:46:05.426770+00:00 cell finished STAGED5000_w2_d4_s8 48.215s median_regret=0 floor=0
2026-09-22T12:46:05.441440+00:00 cell start STAGED5000_w2_d4_s2
2026-09-22T12:46:37.811747+00:00 cell finished STAGED5000_w2_d4_s2 32.302s median_regret=0 floor=0
2026-09-22T12:46:37.828184+00:00 cell start STAGED3001_w0_d3_s128
2026-09-22T12:46:42.599691+00:00 cell finished STAGED3001_w0_d3_s128 4.759s median_regret=0 floor=0
2026-09-22T12:46:42.614962+00:00 cell start STAGED3001_w0_d3_s8
2026-09-22T12:46:45.530332+00:00 cell finished STAGED3001_w0_d3_s8 2.903s median_regret=0 floor=0
2026-09-22T12:46:45.545300+00:00 cell start STAGED3001_w0_d3_s2
2026-09-22T12:46:48.143765+00:00 cell finished STAGED3001_w0_d3_s2 2.586s median_regret=0 floor=0
2026-09-22T12:46:48.159300+00:00 cell start STAGED3001_w0_d4_s128
2026-09-22T12:47:48.919992+00:00 cell finished STAGED3001_w0_d4_s128 60.701s median_regret=0 floor=0
2026-09-22T12:47:48.934878+00:00 cell start STAGED3001_w0_d4_s8
2026-09-22T12:48:29.193870+00:00 cell finished STAGED3001_w0_d4_s8 40.192s median_regret=0 floor=0
2026-09-22T12:48:29.210020+00:00 cell start STAGED3001_w0_d4_s2
2026-09-22T12:49:07.863299+00:00 cell finished STAGED3001_w0_d4_s2 38.591s median_regret=0 floor=0
2026-09-22T12:49:07.881174+00:00 cell start STAGED3001_w1_d3_s128
2026-09-22T12:49:18.517540+00:00 cell finished STAGED3001_w1_d3_s128 10.621s median_regret=0 floor=0
2026-09-22T12:49:18.763705+00:00 cell start STAGED3001_w1_d3_s8
2026-09-22T12:49:24.493610+00:00 cell finished STAGED3001_w1_d3_s8 5.711s median_regret=0 floor=0
2026-09-22T12:49:24.550469+00:00 cell start STAGED3001_w1_d3_s2
2026-09-22T12:49:29.822134+00:00 cell finished STAGED3001_w1_d3_s2 5.255s median_regret=0 floor=0
2026-09-22T12:49:29.846340+00:00 cell start STAGED3001_w1_d4_s128
2026-09-22T12:50:55.749023+00:00 cell finished STAGED3001_w1_d4_s128 85.818s median_regret=0 floor=0
2026-09-22T12:50:55.764277+00:00 cell start STAGED3001_w1_d4_s8
2026-09-22T12:51:37.900334+00:00 cell finished STAGED3001_w1_d4_s8 42.076s median_regret=0 floor=0
2026-09-22T12:51:37.915501+00:00 cell start STAGED3001_w1_d4_s2
2026-09-22T12:52:18.432684+00:00 cell finished STAGED3001_w1_d4_s2 40.435s median_regret=0 floor=0
2026-09-22T12:52:18.448432+00:00 cell start STAGED3001_w2_d3_s128
2026-09-22T12:52:25.624396+00:00 cell finished STAGED3001_w2_d3_s128 7.162s median_regret=0 floor=0
2026-09-22T12:52:25.640429+00:00 cell start STAGED3001_w2_d3_s8
2026-09-22T12:52:29.255795+00:00 cell finished STAGED3001_w2_d3_s8 3.602s median_regret=0 floor=0
2026-09-22T12:52:29.272594+00:00 cell start STAGED3001_w2_d3_s2
2026-09-22T12:52:32.641731+00:00 cell finished STAGED3001_w2_d3_s2 3.355s median_regret=0 floor=0
2026-09-22T12:52:32.665443+00:00 cell start STAGED3001_w2_d4_s128
2026-09-22T12:53:54.571405+00:00 cell finished STAGED3001_w2_d4_s128 81.799s median_regret=0 floor=0
2026-09-22T12:53:54.602809+00:00 cell start STAGED3001_w2_d4_s8
2026-09-22T12:55:00.506753+00:00 cell finished STAGED3001_w2_d4_s8 65.820s median_regret=0 floor=0
2026-09-22T12:55:00.525009+00:00 cell start STAGED3001_w2_d4_s2
2026-09-22T12:55:46.936026+00:00 cell finished STAGED3001_w2_d4_s2 46.338s median_regret=0 floor=0
2026-09-22T12:55:46.952234+00:00 cell start NONSTAGED3001_w0_d3_s128
2026-09-22T12:55:53.728748+00:00 cell finished NONSTAGED3001_w0_d3_s128 6.762s median_regret=0 floor=0.0980355
2026-09-22T12:55:53.746220+00:00 cell start NONSTAGED3001_w0_d3_s8
2026-09-22T12:55:57.655771+00:00 cell finished NONSTAGED3001_w0_d3_s8 3.894s median_regret=0.126936 floor=0.230165
2026-09-22T12:55:57.673233+00:00 cell start NONSTAGED3001_w0_d3_s2
2026-09-22T12:56:01.639812+00:00 cell finished NONSTAGED3001_w0_d3_s2 3.952s median_regret=0.203259 floor=0.0950732
2026-09-22T12:56:01.658468+00:00 cell start NONSTAGED3001_w0_d4_s128
2026-09-22T12:57:17.354767+00:00 cell finished NONSTAGED3001_w0_d4_s128 75.616s median_regret=-0.00773716 floor=0.0959567
2026-09-22T12:57:17.371826+00:00 cell start NONSTAGED3001_w0_d4_s8
2026-09-22T12:58:02.415247+00:00 cell finished NONSTAGED3001_w0_d4_s8 45.026s median_regret=0.0681094 floor=0.201654
2026-09-22T12:58:02.430527+00:00 cell start NONSTAGED3001_w0_d4_s2
2026-09-22T12:58:37.938723+00:00 cell finished NONSTAGED3001_w0_d4_s2 35.442s median_regret=0.171056 floor=0.132747
2026-09-22T12:58:37.954010+00:00 cell start NONSTAGED3001_w1_d3_s128
2026-09-22T12:58:44.282006+00:00 cell finished NONSTAGED3001_w1_d3_s128 6.314s median_regret=0 floor=0.0861029
2026-09-22T12:58:44.297515+00:00 cell start NONSTAGED3001_w1_d3_s8
2026-09-22T12:58:47.634067+00:00 cell finished NONSTAGED3001_w1_d3_s8 3.321s median_regret=0.134021 floor=0.194476
2026-09-22T12:58:47.654578+00:00 cell start NONSTAGED3001_w1_d3_s2
2026-09-22T12:58:50.450511+00:00 cell finished NONSTAGED3001_w1_d3_s2 2.782s median_regret=0.128619 floor=0.178514
2026-09-22T12:58:50.465307+00:00 cell start NONSTAGED3001_w1_d4_s128
2026-09-22T12:59:54.815222+00:00 cell finished NONSTAGED3001_w1_d4_s128 64.275s median_regret=0 floor=0.0849095
2026-09-22T12:59:54.830689+00:00 cell start NONSTAGED3001_w1_d4_s8
2026-09-22T13:00:39.175192+00:00 cell finished NONSTAGED3001_w1_d4_s8 44.297s median_regret=0.0977115 floor=0.210026
2026-09-22T13:00:39.192308+00:00 cell start NONSTAGED3001_w1_d4_s2
2026-09-22T13:01:13.164379+00:00 cell finished NONSTAGED3001_w1_d4_s2 33.902s median_regret=0.249615 floor=0.142477
2026-09-22T13:01:13.180631+00:00 cell start NONSTAGED3001_w2_d3_s128
2026-09-22T13:01:19.309030+00:00 cell finished NONSTAGED3001_w2_d3_s128 6.114s median_regret=0 floor=0.088928
2026-09-22T13:01:19.323875+00:00 cell start NONSTAGED3001_w2_d3_s8
2026-09-22T13:01:22.695243+00:00 cell finished NONSTAGED3001_w2_d3_s8 3.356s median_regret=0.0223181 floor=0.260837
2026-09-22T13:01:22.709876+00:00 cell start NONSTAGED3001_w2_d3_s2
2026-09-22T13:01:25.572963+00:00 cell finished NONSTAGED3001_w2_d3_s2 2.850s median_regret=0.19535 floor=0.125987
2026-09-22T13:01:25.592958+00:00 cell start NONSTAGED3001_w2_d4_s128
2026-09-22T13:02:26.111190+00:00 cell finished NONSTAGED3001_w2_d4_s128 60.447s median_regret=0.0251137 floor=0.0940281
2026-09-22T13:02:26.128668+00:00 cell start NONSTAGED3001_w2_d4_s8
2026-09-22T13:03:06.312958+00:00 cell finished NONSTAGED3001_w2_d4_s8 40.141s median_regret=0.155265 floor=0.215995
2026-09-22T13:03:06.328107+00:00 cell start NONSTAGED3001_w2_d4_s2
2026-09-22T13:03:41.523345+00:00 cell finished NONSTAGED3001_w2_d4_s2 35.146s median_regret=0.262988 floor=0.146605
2026-09-22T13:03:41.545930+00:00 cell start RESET5000_w0_d3_s128
2026-09-22T13:03:47.724692+00:00 cell finished RESET5000_w0_d3_s128 6.163s median_regret=0 floor=0.102336
2026-09-22T13:03:47.747548+00:00 cell start RESET5000_w0_d3_s8
2026-09-22T13:03:51.367465+00:00 cell finished RESET5000_w0_d3_s8 3.601s median_regret=0.177593 floor=0.199775
2026-09-22T13:03:51.386418+00:00 cell start RESET5000_w0_d3_s2
2026-09-22T13:03:54.489688+00:00 cell finished RESET5000_w0_d3_s2 3.088s median_regret=0.227863 floor=0.110049
2026-09-22T13:03:54.508413+00:00 cell start RESET5000_w0_d4_s128
2026-09-22T13:04:56.809353+00:00 cell finished RESET5000_w0_d4_s128 62.238s median_regret=-0.00216431 floor=0.0876952
2026-09-22T13:04:56.824744+00:00 cell start RESET5000_w0_d4_s8
2026-09-22T13:05:37.576502+00:00 cell finished RESET5000_w0_d4_s8 40.681s median_regret=0.115392 floor=0.239721
2026-09-22T13:05:37.592028+00:00 cell start RESET5000_w0_d4_s2
2026-09-22T13:06:16.097614+00:00 cell finished RESET5000_w0_d4_s2 38.433s median_regret=0.268184 floor=0.107777
2026-09-22T13:06:16.113822+00:00 cell start RESET5000_w1_d3_s128
2026-09-22T13:06:21.892022+00:00 cell finished RESET5000_w1_d3_s128 5.765s median_regret=0 floor=0.0850621
2026-09-22T13:06:21.908379+00:00 cell start RESET5000_w1_d3_s8
2026-09-22T13:06:25.598737+00:00 cell finished RESET5000_w1_d3_s8 3.675s median_regret=0.112138 floor=0.209254
2026-09-22T13:06:25.615015+00:00 cell start RESET5000_w1_d3_s2
2026-09-22T13:06:28.618174+00:00 cell finished RESET5000_w1_d3_s2 2.990s median_regret=0.223499 floor=0.191196
2026-09-22T13:06:28.634162+00:00 cell start RESET5000_w1_d4_s128
2026-09-22T13:07:36.364436+00:00 cell finished RESET5000_w1_d4_s128 67.646s median_regret=0.000381993 floor=0.0941708
2026-09-22T13:07:36.380925+00:00 cell start RESET5000_w1_d4_s8
2026-09-22T13:08:18.115341+00:00 cell finished RESET5000_w1_d4_s8 41.656s median_regret=0.159487 floor=0.201883
2026-09-22T13:08:18.132663+00:00 cell start RESET5000_w1_d4_s2
2026-09-22T13:09:07.287590+00:00 cell finished RESET5000_w1_d4_s2 49.037s median_regret=0.228437 floor=0.117623
2026-09-22T13:09:07.308317+00:00 cell start RESET5000_w2_d3_s128
2026-09-22T13:09:18.631054+00:00 cell finished RESET5000_w2_d3_s128 11.309s median_regret=0 floor=0.0760096
2026-09-22T13:09:18.652672+00:00 cell start RESET5000_w2_d3_s8
2026-09-22T13:09:24.765879+00:00 cell finished RESET5000_w2_d3_s8 6.096s median_regret=0.114654 floor=0.230288
2026-09-22T13:09:24.795204+00:00 cell start RESET5000_w2_d3_s2
2026-09-22T13:09:30.403108+00:00 cell finished RESET5000_w2_d3_s2 5.581s median_regret=0.208843 floor=0.172093
2026-09-22T13:09:30.429884+00:00 cell start RESET5000_w2_d4_s128
2026-09-22T13:11:07.546311+00:00 cell finished RESET5000_w2_d4_s128 97.034s median_regret=0 floor=0.118717
2026-09-22T13:11:07.562896+00:00 cell start RESET5000_w2_d4_s8
2026-09-22T13:11:57.904023+00:00 cell finished RESET5000_w2_d4_s8 50.256s median_regret=0.149073 floor=0.260259
2026-09-22T13:11:57.919680+00:00 cell start RESET5000_w2_d4_s2
2026-09-22T13:12:41.490365+00:00 cell finished RESET5000_w2_d4_s2 43.473s median_regret=0.255222 floor=0.175963
