2026-09-14T11:46:36.361034+00:00 LAUNCH J2A-staged-library-audit-v1 at 985dfb5 pid 47548
2026-09-14T11:46:36.461638+00:00 [STAGED5000_w0] start
2026-09-14T11:50:48.947587+00:00 [STAGED5000_w0] trained 0.0062 held-out 0.0065 (64/64) ratio 1.04 g 0.000 random 2.136 (252.3s)
2026-09-14T11:50:49.044392+00:00 [STAGED5000_w1] start
2026-09-14T11:54:54.364096+00:00 [STAGED5000_w1] trained 0.0051 held-out 0.0054 (64/64) ratio 1.06 g 0.000 random 2.555 (245.2s)
2026-09-14T11:54:54.459607+00:00 [STAGED5000_w2] start
2026-09-14T11:59:14.841859+00:00 [STAGED5000_w2] trained 0.0072 held-out 0.0069 (64/64) ratio 0.95 g 0.000 random 2.251 (260.3s)
2026-09-14T11:59:14.940382+00:00 [STAGED3001_w0] start
2026-09-14T12:03:32.265015+00:00 [STAGED3001_w0] trained 0.0047 held-out 0.0053 (64/64) ratio 1.12 g 0.000 random 2.157 (257.2s)
2026-09-14T12:03:32.364066+00:00 [STAGED3001_w1] start
2026-09-14T12:07:53.367824+00:00 [STAGED3001_w1] trained 0.0060 held-out 0.0063 (64/64) ratio 1.06 g 0.000 random 2.365 (260.9s)
2026-09-14T12:07:53.464965+00:00 [STAGED3001_w2] start
2026-09-14T12:12:17.940229+00:00 [STAGED3001_w2] trained 0.0049 held-out 0.0048 (64/64) ratio 0.97 g 0.000 random 2.337 (264.4s)
2026-09-14T12:12:18.026596+00:00 [NONSTAGED3001_w0] start
2026-09-14T12:16:46.181480+00:00 [NONSTAGED3001_w0] trained 0.9160 held-out 1.2614 (0/64) ratio 1.38 g 0.000 random 1.556 (268.1s)
2026-09-14T12:16:46.293337+00:00 [NONSTAGED3001_w1] start
2026-09-14T12:20:50.796937+00:00 [NONSTAGED3001_w1] trained 0.9439 held-out 1.2719 (0/64) ratio 1.35 g 0.000 random 1.561 (244.4s)
2026-09-14T12:20:50.889169+00:00 [NONSTAGED3001_w2] start
2026-09-14T12:25:01.662071+00:00 [NONSTAGED3001_w2] trained 0.9735 held-out 1.2961 (0/64) ratio 1.33 g 0.000 random 1.597 (250.7s)
2026-09-14T12:25:01.753442+00:00 [RESET5000_w0] start
2026-09-14T12:29:03.845846+00:00 [RESET5000_w0] trained 0.9984 held-out 1.2886 (0/64) ratio 1.29 g 0.000 random 1.587 (242.0s)
2026-09-14T12:29:03.940986+00:00 [RESET5000_w1] start
2026-09-14T12:33:15.238190+00:00 [RESET5000_w1] trained 1.0598 held-out 1.2953 (0/64) ratio 1.22 g 0.000 random 1.627 (251.2s)
2026-09-14T12:33:15.370693+00:00 [RESET5000_w2] start
2026-09-14T12:37:26.822727+00:00 [RESET5000_w2] trained 1.0058 held-out 1.2724 (0/64) ratio 1.27 g 0.000 random 1.598 (251.4s)
2026-09-14T12:37:26.871392+00:00 COMPLETE classification EXPORTS
