2026-09-11T17:05:31.964462+00:00 LAUNCH J1-search-in-the-loop-v1 at 33cda39 pid 41412
2026-09-11T17:05:32.178884+00:00 [EQ_w0] start
2026-09-11T17:10:00.452503+00:00 [EQ_w0] equivalence at 8192: bitwise True
2026-09-11T17:10:00.640407+00:00 [EQ_w1] start
2026-09-11T17:10:17.792792+00:00 RESUME at 33cda39
2026-09-11T17:10:17.993865+00:00 [EQ_w0] reused validated durable cell
2026-09-11T17:10:18.008218+00:00 [EQ_w0] equivalence at 8192: bitwise True
2026-09-11T17:10:18.186129+00:00 [EQ_w1] start
2026-09-11T17:14:28.567142+00:00 [EQ_w1] equivalence at 8192: bitwise True
2026-09-11T17:14:28.723519+00:00 [EQ_w2] start
2026-09-11T17:17:38.675019+00:00 [EQ_w2] equivalence at 8192: bitwise True
2026-09-11T17:17:38.864313+00:00 [J1_w1] start
2026-09-11T18:03:20.236479+00:00 [J1_w1] saved: median 0.7567 trajectory {'0': 1.564, '8192': 0.8337, '16384': 0.8016, '32768': 0.7842, '49152': 0.7748, '65536': 0.7567} slots 12 ari [0.03, 0.03, 0.0] search 337.9s train 2737.0s
2026-09-11T18:03:20.528288+00:00 [J1_w2] start
2026-09-11T18:49:07.358076+00:00 [J1_w2] saved: median 0.7737 trajectory {'0': 1.6112, '8192': 0.8502, '16384': 0.813, '32768': 0.798, '49152': 0.7905, '65536': 0.7737} slots 12 ari [0.04, 0.04, -0.01] search 351.9s train 2739.3s
2026-09-11T18:49:07.617192+00:00 [J1_w0] start
2026-09-11T19:26:58.554249+00:00 [J1_w0] saved: median 0.7579 trajectory {'0': 1.602, '8192': 0.8452, '16384': 0.7968, '32768': 0.7792, '49152': 0.7632, '65536': 0.7579} slots 12 ari [0.01, -0.0, 0.01] search 290.7s train 2266.1s
2026-09-11T19:26:58.789721+00:00 [SHAM_w1] start
2026-09-11T20:05:34.803171+00:00 [SHAM_w1] saved: median 0.9821 trajectory {'0': 1.9969, '8192': 1.0031, '16384': 1.0027, '32768': 0.9792, '49152': 0.9697, '65536': 0.9821} slots 12 ari [0.08, -0.01, -0.01] search 280.8s train 2310.5s
2026-09-11T20:05:35.014960+00:00 [SHAM_w2] start
2026-09-11T20:52:39.976149+00:00 [SHAM_w2] saved: median 0.9748 trajectory {'0': 1.9947, '8192': 1.0012, '16384': 0.9989, '32768': 0.9877, '49152': 0.9779, '65536': 0.9748} slots 12 ari [-0.0, 0.0, 0.01] search 324.9s train 2819.0s
2026-09-11T20:52:40.147583+00:00 [SHAM_w0] start
2026-09-11T21:40:22.369855+00:00 [SHAM_w0] saved: median 0.9784 trajectory {'0': 1.9608, '8192': 1.0092, '16384': 0.9893, '32768': 0.9945, '49152': 0.9791, '65536': 0.9784} slots 12 ari [-0.01, 0.01, 0.0] search 346.6s train 2857.0s
2026-09-11T21:40:22.425255+00:00 COMPLETE classification J1_FAILS
