2026-09-25T20:46:01.944345+00:00 LAUNCH f4c99557812640fdfb14cce58f169990a9ea6be9056773a4df9bb03f92f4fafa todo=70 reused=0 jobs=3 scale=1 free=12.1GiB
2026-09-25T21:05:32.859273+00:00 cell finished SHUFFLED_w13_s2 1166.1s terminal=0.172341
2026-09-25T21:05:42.740880+00:00 cell finished SHUFFLED_w13_s1 1176.3s terminal=0.0264908
2026-09-25T21:05:43.689725+00:00 cell finished SHUFFLED_w13_s0 1177.5s terminal=0.049429
2026-09-25T21:25:11.800444+00:00 cell finished SHUFFLED_w14_s0 1178.9s terminal=2.00257
2026-09-25T21:25:14.626133+00:00 cell finished SHUFFLED_w14_s2 1170.9s terminal=0.305567
2026-09-25T21:25:17.240314+00:00 cell finished SHUFFLED_w14_s1 1174.5s terminal=0.0266192
2026-09-25T21:45:00.248035+00:00 cell finished SHUFFLED_w15_s0 1188.4s terminal=0.0264276
2026-09-25T21:45:12.846437+00:00 cell finished SHUFFLED_w15_s1 1198.2s terminal=0.0757399
2026-09-25T21:45:16.243007+00:00 cell finished SHUFFLED_w15_s2 1199.0s terminal=0.117834
2026-09-25T22:04:19.802156+00:00 cell finished SHUFFLED_w16_s0 1159.5s terminal=0.0606736
2026-09-25T22:04:32.131570+00:00 cell finished SHUFFLED_w16_s1 1159.3s terminal=0.039603
2026-09-25T22:04:43.494561+00:00 cell finished SHUFFLED_w16_s2 1167.2s terminal=0.045434
2026-09-25T22:23:42.161535+00:00 cell finished SHUFFLED_w17_s0 1162.3s terminal=0.227148
2026-09-25T22:23:56.437769+00:00 cell finished SHUFFLED_w17_s1 1164.3s terminal=0.022113
2026-09-25T22:24:14.217981+00:00 cell finished SHUFFLED_w17_s2 1170.7s terminal=0.0421234
2026-09-25T22:42:56.818761+00:00 cell finished SHUFFLED_w18_s0 1154.6s terminal=0.150781
2026-09-25T22:43:11.422794+00:00 cell finished SHUFFLED_w18_s1 1155.0s terminal=0.0691196
2026-09-25T22:43:30.726786+00:00 cell finished SHUFFLED_w18_s2 1156.5s terminal=0.149268
2026-09-25T23:02:39.744019+00:00 cell finished SHUFFLED_w19_s0 1182.9s terminal=0.184548
2026-09-25T23:02:52.524220+00:00 cell finished SHUFFLED_w19_s1 1181.1s terminal=0.449
2026-09-25T23:03:23.668915+00:00 cell finished SHUFFLED_w19_s2 1192.9s terminal=0.0362906
2026-09-25T23:21:46.569279+00:00 cell finished STAGED_w13_s0 1146.8s terminal=0.163448
2026-09-25T23:21:57.676701+00:00 cell finished STAGED_w13_s1 1145.1s terminal=0.0245491
2026-09-25T23:22:33.866295+00:00 cell finished STAGED_w13_s2 1150.2s terminal=0.020378
2026-09-25T23:40:55.625504+00:00 cell finished STAGED_w14_s0 1149.0s terminal=0.182735
2026-09-25T23:41:07.316158+00:00 cell finished STAGED_w14_s1 1149.6s terminal=2.39115
2026-09-25T23:41:44.375804+00:00 cell finished STAGED_w14_s2 1150.5s terminal=2.02845
2026-09-26T00:00:13.036896+00:00 cell finished STAGED_w15_s0 1157.4s terminal=0.0360174
2026-09-26T00:00:22.826775+00:00 cell finished STAGED_w15_s1 1155.5s terminal=0.143308
2026-09-26T00:01:07.928339+00:00 cell finished STAGED_w15_s2 1163.5s terminal=0.0275571
2026-09-26T00:19:33.768602+00:00 cell finished STAGED_w16_s0 1160.7s terminal=0.0774373
2026-09-26T00:19:47.489391+00:00 cell finished STAGED_w16_s1 1164.6s terminal=2.25202
2026-09-26T00:20:40.955904+00:00 cell finished STAGED_w16_s2 1173.0s terminal=0.135482
2026-09-26T00:38:07.527390+00:00 cell finished STAGED_w17_s0 1113.7s terminal=0.0268106
2026-09-26T00:38:23.377132+00:00 cell finished STAGED_w17_s1 1115.9s terminal=0.0411995
2026-09-26T00:39:20.781099+00:00 cell finished STAGED_w17_s2 1119.8s terminal=0.0123771
2026-09-26T00:57:05.751868+00:00 cell finished STAGED_w18_s0 1138.2s terminal=0.0229341
2026-09-26T00:57:30.484130+00:00 cell finished STAGED_w18_s1 1147.1s terminal=0.0250978
2026-09-26T00:58:28.749430+00:00 cell finished STAGED_w18_s2 1148.0s terminal=0.0159047
2026-09-26T01:16:08.243541+00:00 cell finished STAGED_w19_s0 1142.5s terminal=0.0585517
2026-09-26T01:16:28.187029+00:00 cell finished STAGED_w19_s1 1137.7s terminal=0.0376674
2026-09-26T01:17:34.743138+00:00 cell finished STAGED_w19_s2 1146.0s terminal=0.0267235
2026-09-26T01:28:45.197158+00:00 cell finished MIXED_L1_w13_s0 756.9s terminal=0.0480834
2026-09-26T01:29:04.530524+00:00 cell finished MIXED_L1_w13_s1 756.3s terminal=0.0728207
2026-09-26T01:30:23.969735+00:00 cell finished MIXED_L1_w13_s2 769.2s terminal=0.890896
2026-09-26T01:41:43.439952+00:00 cell finished MIXED_L1_w14_s0 778.2s terminal=1.30995
2026-09-26T01:42:00.996540+00:00 cell finished MIXED_L1_w14_s1 776.5s terminal=0.856943
2026-09-26T01:43:35.251210+00:00 cell finished MIXED_L1_w14_s2 791.3s terminal=0.701981
2026-09-26T01:54:42.382051+00:00 cell finished MIXED_L1_w15_s0 778.9s terminal=0.0440889
2026-09-26T01:55:03.442433+00:00 cell finished MIXED_L1_w15_s1 782.4s terminal=0.353082
2026-09-26T01:56:40.116896+00:00 cell finished MIXED_L1_w15_s2 784.8s terminal=0.11641
2026-09-26T02:07:20.306938+00:00 cell finished MIXED_L1_w16_s0 757.9s terminal=0.0564289
2026-09-26T02:07:40.133924+00:00 cell finished MIXED_L1_w16_s1 756.7s terminal=1.80483
2026-09-26T02:09:25.691345+00:00 cell finished MIXED_L1_w16_s2 765.6s terminal=0.0344106
2026-09-26T02:20:24.150011+00:00 cell finished MIXED_L1_w17_s0 783.8s terminal=0.0927136
2026-09-26T02:20:43.820396+00:00 cell finished MIXED_L1_w17_s1 783.7s terminal=0.0639257
2026-09-26T02:22:22.266651+00:00 cell finished MIXED_L1_w17_s2 776.6s terminal=1.06125
2026-09-26T02:33:04.669142+00:00 cell finished MIXED_L1_w18_s0 760.5s terminal=0.184002
2026-09-26T02:33:28.672749+00:00 cell finished MIXED_L1_w18_s1 764.8s terminal=2.04401
2026-09-26T02:35:05.069514+00:00 cell finished MIXED_L1_w18_s2 762.8s terminal=1.01801
2026-09-26T02:45:11.427185+00:00 cell finished MIXED_L1_w19_s0 726.7s terminal=0.0269122
2026-09-26T02:45:32.122164+00:00 cell finished MIXED_L1_w19_s1 723.4s terminal=1.65028
2026-09-26T02:47:08.349891+00:00 cell finished MIXED_L1_w19_s2 723.3s terminal=0.481326
2026-09-26T02:51:42.494468+00:00 cell finished PLAIN_w13_s0 391.1s terminal=1.94581
2026-09-26T02:51:58.550104+00:00 cell finished PLAIN_w14_s0 386.4s terminal=1.95678
2026-09-26T02:53:34.983002+00:00 cell finished PLAIN_w15_s0 386.6s terminal=1.87638
2026-09-26T02:58:06.629330+00:00 cell finished PLAIN_w16_s0 384.1s terminal=1.97464
2026-09-26T02:58:27.958610+00:00 cell finished PLAIN_w17_s0 389.4s terminal=1.8479
2026-09-26T03:00:02.989315+00:00 cell finished PLAIN_w18_s0 388.0s terminal=1.92453
2026-09-26T03:04:19.186421+00:00 cell finished PLAIN_w19_s0 372.6s terminal=1.91468
