2026-09-26T19:22:55.994853+00:00 LAUNCH 47cbfffd564c24e0f1a34b8b307a14de51a4be54709a5257d164cc5fa95a031f todo=70 reused=0 jobs=3 scale=1 free=10.6GiB
2026-09-26T19:48:51.181662+00:00 cell finished INTERLEAVED_w20_s0 1550.5s terminal=0.0173806
2026-09-26T19:48:55.122264+00:00 cell finished INTERLEAVED_w20_s1 1554.2s terminal=0.0295761
2026-09-26T19:49:02.326903+00:00 cell finished INTERLEAVED_w20_s2 1561.0s terminal=0.0128771
2026-09-26T20:15:48.008470+00:00 cell finished INTERLEAVED_w21_s0 1616.8s terminal=0.0167714
2026-09-26T20:15:58.385952+00:00 cell finished INTERLEAVED_w21_s1 1623.3s terminal=0.039288
2026-09-26T20:16:07.639812+00:00 cell finished INTERLEAVED_w21_s2 1625.3s terminal=0.0551496
2026-09-26T20:42:48.681408+00:00 cell finished INTERLEAVED_w22_s0 1620.7s terminal=0.0579517
2026-09-26T20:43:08.131283+00:00 cell finished INTERLEAVED_w22_s1 1629.7s terminal=0.840726
2026-09-26T20:43:16.248688+00:00 cell finished INTERLEAVED_w22_s2 1628.6s terminal=0.0292737
2026-09-26T21:08:51.999988+00:00 cell finished INTERLEAVED_w23_s0 1563.3s terminal=0.0350857
2026-09-26T21:09:00.569790+00:00 cell finished INTERLEAVED_w23_s1 1552.4s terminal=0.0347486
2026-09-26T21:09:27.317112+00:00 cell finished INTERLEAVED_w23_s2 1571.0s terminal=0.0168413
2026-09-26T21:35:53.271415+00:00 cell finished INTERLEAVED_w24_s0 1621.2s terminal=0.0900177
2026-09-26T21:35:55.856723+00:00 cell finished INTERLEAVED_w24_s1 1615.3s terminal=0.0369612
2026-09-26T21:36:43.559534+00:00 cell finished INTERLEAVED_w24_s2 1636.2s terminal=0.0338031
2026-09-26T22:01:10.862717+00:00 cell finished INTERLEAVED_w25_s0 1517.6s terminal=0.0143516
2026-09-26T22:01:15.379600+00:00 cell finished INTERLEAVED_w25_s1 1519.5s terminal=0.0214092
2026-09-26T22:02:35.913914+00:00 cell finished INTERLEAVED_w25_s2 1552.3s terminal=0.0265618
2026-09-26T22:26:59.933715+00:00 cell finished INTERLEAVED_w26_s0 1549.0s terminal=0.0221055
2026-09-26T22:27:06.545290+00:00 cell finished INTERLEAVED_w26_s1 1551.1s terminal=0.0176084
2026-09-26T22:28:20.646501+00:00 cell finished INTERLEAVED_w26_s2 1544.7s terminal=0.0411896
2026-09-26T22:46:39.104313+00:00 cell finished SHUFFLED_w20_s0 1179.2s terminal=0.102575
2026-09-26T22:46:42.728057+00:00 cell finished SHUFFLED_w20_s1 1176.2s terminal=0.0386753
2026-09-26T22:47:57.036309+00:00 cell finished SHUFFLED_w20_s2 1176.4s terminal=0.247842
2026-09-26T23:07:19.122533+00:00 cell finished SHUFFLED_w21_s0 1240.0s terminal=0.0437293
2026-09-26T23:07:24.141289+00:00 cell finished SHUFFLED_w21_s1 1241.4s terminal=0.378227
2026-09-26T23:08:44.304215+00:00 cell finished SHUFFLED_w21_s2 1247.3s terminal=0.0741696
2026-09-26T23:27:15.378070+00:00 cell finished SHUFFLED_w22_s0 1196.2s terminal=0.0244366
2026-09-26T23:27:17.631183+00:00 cell finished SHUFFLED_w22_s1 1193.5s terminal=2.0402
2026-09-26T23:28:45.706872+00:00 cell finished SHUFFLED_w22_s2 1201.4s terminal=0.0686083
2026-09-26T23:47:06.558594+00:00 cell finished SHUFFLED_w23_s0 1191.2s terminal=0.0964717
2026-09-26T23:47:11.724427+00:00 cell finished SHUFFLED_w23_s1 1194.1s terminal=0.0877873
2026-09-26T23:48:44.634747+00:00 cell finished SHUFFLED_w23_s2 1198.9s terminal=0.0414366
2026-09-27T00:06:22.054613+00:00 cell finished SHUFFLED_w24_s1 1150.3s terminal=0.0263399
2026-09-27T00:06:26.432616+00:00 cell finished SHUFFLED_w24_s0 1159.9s terminal=0.399503
2026-09-27T00:08:43.310218+00:00 cell finished SHUFFLED_w24_s2 1198.7s terminal=0.028973
2026-09-27T00:26:56.466807+00:00 cell finished SHUFFLED_w25_s1 1230.0s terminal=0.131163
2026-09-27T00:26:56.645241+00:00 cell finished SHUFFLED_w25_s0 1234.6s terminal=0.0263698
2026-09-27T00:29:07.113822+00:00 cell finished SHUFFLED_w25_s2 1223.8s terminal=0.0733965
2026-09-27T00:45:53.108535+00:00 cell finished SHUFFLED_w26_s1 1136.5s terminal=0.177612
2026-09-27T00:45:55.884102+00:00 cell finished SHUFFLED_w26_s0 1139.4s terminal=0.0995514
2026-09-27T00:48:35.818785+00:00 cell finished SHUFFLED_w26_s2 1168.7s terminal=0.0301004
2026-09-27T00:53:05.359303+00:00 cell finished PLAIN_w20_s0 432.2s terminal=1.86492
2026-09-27T00:53:09.830781+00:00 cell finished PLAIN_w21_s0 433.9s terminal=1.99103
2026-09-27T00:55:26.065310+00:00 cell finished PLAIN_w22_s0 410.2s terminal=1.891
2026-09-27T00:59:59.504756+00:00 cell finished PLAIN_w23_s0 414.1s terminal=1.79784
2026-09-27T01:00:03.311164+00:00 cell finished PLAIN_w24_s0 413.5s terminal=1.95148
2026-09-27T01:02:37.690341+00:00 cell finished PLAIN_w25_s0 431.6s terminal=1.89348
2026-09-27T01:06:15.699338+00:00 cell finished SLEEP_w20_s0 372.4s terminal=0.0240449
2026-09-27T01:07:19.765654+00:00 cell finished PLAIN_w26_s0 440.2s terminal=1.99628
2026-09-27T01:08:34.151680+00:00 cell finished SLEEP_w20_s1 356.5s terminal=0.0250332
2026-09-27T01:11:40.540126+00:00 cell finished SLEEP_w20_s2 324.8s terminal=0.0420086
2026-09-27T01:12:42.022326+00:00 cell finished SLEEP_w21_s0 322.3s terminal=0.0126299
2026-09-27T01:13:54.974948+00:00 cell finished SLEEP_w21_s1 320.8s terminal=0.0331949
2026-09-27T01:17:00.557544+00:00 cell finished SLEEP_w21_s2 320.0s terminal=0.030846
2026-09-27T01:18:01.703377+00:00 cell finished SLEEP_w22_s0 319.7s terminal=0.0182136
2026-09-27T01:19:18.537193+00:00 cell finished SLEEP_w22_s1 323.6s terminal=1.41683
2026-09-27T01:22:24.008433+00:00 cell finished SLEEP_w22_s2 323.4s terminal=0.0356447
2026-09-27T01:23:19.866766+00:00 cell finished SLEEP_w23_s0 318.1s terminal=0.0337327
2026-09-27T01:24:40.775264+00:00 cell finished SLEEP_w23_s1 322.2s terminal=0.0336689
2026-09-27T01:27:48.378834+00:00 cell finished SLEEP_w23_s2 324.4s terminal=0.0298588
2026-09-27T01:28:39.402228+00:00 cell finished SLEEP_w24_s1 319.6s terminal=0.016998
2026-09-27T01:30:01.483868+00:00 cell finished SLEEP_w24_s0 320.7s terminal=0.0227176
2026-09-27T01:33:10.832704+00:00 cell finished SLEEP_w24_s2 322.5s terminal=0.0227107
2026-09-27T01:34:00.243434+00:00 cell finished SLEEP_w25_s1 320.8s terminal=0.0191221
2026-09-27T01:35:25.597588+00:00 cell finished SLEEP_w25_s0 324.1s terminal=0.0311135
2026-09-27T01:38:33.773206+00:00 cell finished SLEEP_w25_s2 322.9s terminal=0.0144826
2026-09-27T01:39:20.180628+00:00 cell finished SLEEP_w26_s1 319.9s terminal=0.0326334
2026-09-27T01:40:55.292097+00:00 cell finished SLEEP_w26_s0 329.7s terminal=0.0229435
2026-09-27T01:44:21.603027+00:00 cell finished SLEEP_w26_s2 347.8s terminal=0.023031
