2026-10-04T14:42:16.487317+00:00 LAUNCH 94672e4799603f97b4a40e5ff9fbe21b1f5d96343cf2daa6af5892133cfd7e62 todo=195 reused=0 jobs=3 scale=1 free=7.6GiB
2026-10-04T14:53:14.554420+00:00 cell finished REROUTE_WAKE_w945_s1 654.8s terminal=0.0122523 changed=78 stale=0
2026-10-04T14:53:26.193544+00:00 cell finished REROUTE_WAKE_w945_s0 666.4s terminal=0.0101222 changed=483 stale=0
2026-10-04T14:53:30.834444+00:00 cell finished REROUTE_WAKE_w945_s2 671.1s terminal=0.032073 changed=880 stale=0
2026-10-04T15:04:15.211884+00:00 cell finished REROUTE_WAKE_w946_s0 660.6s terminal=0.198721 changed=326 stale=1
2026-10-04T15:04:17.140101+00:00 cell finished REROUTE_WAKE_w946_s2 646.3s terminal=0.0548902 changed=105 stale=1
2026-10-04T15:04:21.593753+00:00 cell finished REROUTE_WAKE_w946_s1 655.4s terminal=0.00983601 changed=1056 stale=0
2026-10-04T15:14:57.303474+00:00 cell finished REROUTE_WAKE_w947_s0 642.1s terminal=0.0187361 changed=328 stale=0
2026-10-04T15:15:04.440154+00:00 cell finished REROUTE_WAKE_w947_s2 642.8s terminal=0.0142575 changed=938 stale=0
2026-10-04T15:15:08.180220+00:00 cell finished REROUTE_WAKE_w947_s1 651.0s terminal=0.0235672 changed=975 stale=0
2026-10-04T15:25:52.744882+00:00 cell finished REROUTE_WAKE_w948_s0 655.4s terminal=0.0123312 changed=281 stale=0
2026-10-04T15:25:59.458610+00:00 cell finished REROUTE_WAKE_w948_s1 655.0s terminal=0.0159454 changed=286 stale=0
2026-10-04T15:26:12.361776+00:00 cell finished REROUTE_WAKE_w948_s2 664.2s terminal=0.00931695 changed=173 stale=0
2026-10-04T15:36:13.303621+00:00 cell finished REROUTE_WAKE_w949_s0 620.6s terminal=0.0119617 changed=54 stale=0
2026-10-04T15:36:32.055418+00:00 cell finished REROUTE_WAKE_w949_s1 632.6s terminal=0.00923354 changed=60 stale=0
2026-10-04T15:36:41.399528+00:00 cell finished REROUTE_WAKE_w949_s2 629.0s terminal=0.0103736 changed=230 stale=0
2026-10-04T15:46:57.252868+00:00 cell finished REROUTE_WAKE_w950_s0 643.9s terminal=0.0138716 changed=921 stale=0
2026-10-04T15:47:08.706599+00:00 cell finished REROUTE_WAKE_w950_s1 636.6s terminal=0.02523 changed=412 stale=0
2026-10-04T15:47:38.018941+00:00 cell finished REROUTE_WAKE_w950_s2 656.6s terminal=0.0105275 changed=509 stale=0
2026-10-04T15:57:19.978810+00:00 cell finished REROUTE_WAKE_w951_s0 622.7s terminal=0.0078789 changed=248 stale=0
2026-10-04T15:57:50.122681+00:00 cell finished REROUTE_WAKE_w951_s1 641.4s terminal=0.00915357 changed=567 stale=0
2026-10-04T15:58:29.775704+00:00 cell finished REROUTE_WAKE_w951_s2 651.8s terminal=0.0155794 changed=599 stale=0
2026-10-04T16:08:46.416219+00:00 cell finished REROUTE_WAKE_w952_s0 686.4s terminal=0.0119807 changed=838 stale=0
2026-10-04T16:09:01.320496+00:00 cell finished REROUTE_WAKE_w952_s1 671.2s terminal=0.00836415 changed=416 stale=0
2026-10-04T16:09:53.375421+00:00 cell finished REROUTE_WAKE_w952_s2 683.6s terminal=0.00965477 changed=124 stale=0
2026-10-04T16:19:45.627525+00:00 cell finished REROUTE_WAKE_w953_s0 659.2s terminal=0.195476 changed=319 stale=1
2026-10-04T16:20:02.800760+00:00 cell finished REROUTE_WAKE_w953_s1 661.5s terminal=0.180473 changed=778 stale=1
2026-10-04T16:20:58.224258+00:00 cell finished REROUTE_WAKE_w953_s2 664.8s terminal=0.00617704 changed=75 stale=0
2026-10-04T16:30:09.258581+00:00 cell finished REROUTE_WAKE_w954_s0 623.6s terminal=0.0167422 changed=163 stale=0
2026-10-04T16:30:34.375194+00:00 cell finished REROUTE_WAKE_w954_s1 631.6s terminal=0.014026 changed=317 stale=0
2026-10-04T16:31:45.985795+00:00 cell finished REROUTE_WAKE_w954_s2 647.8s terminal=0.0101404 changed=280 stale=0
2026-10-04T16:40:47.300408+00:00 cell finished REROUTE_WAKE_w955_s0 638.0s terminal=0.0216333 changed=244 stale=0
2026-10-04T16:41:01.343624+00:00 cell finished REROUTE_WAKE_w955_s1 627.0s terminal=0.0811515 changed=328 stale=1
2026-10-04T16:42:34.151366+00:00 cell finished REROUTE_WAKE_w955_s2 648.2s terminal=0.0126074 changed=522 stale=0
2026-10-04T16:51:33.948157+00:00 cell finished REROUTE_WAKE_w956_s0 646.6s terminal=0.0185483 changed=898 stale=0
2026-10-04T16:51:38.810291+00:00 cell finished REROUTE_WAKE_w956_s1 637.5s terminal=0.0113623 changed=288 stale=0
2026-10-04T16:53:11.334279+00:00 cell finished REROUTE_WAKE_w956_s2 637.2s terminal=0.0135315 changed=91 stale=0
2026-10-04T17:02:58.082096+00:00 cell finished REROUTE_WAKE_w957_s0 684.1s terminal=0.00998992 changed=1025 stale=0
2026-10-04T17:03:11.133706+00:00 cell finished REROUTE_WAKE_w957_s1 692.3s terminal=0.012684 changed=821 stale=0
2026-10-04T17:04:47.237649+00:00 cell finished REROUTE_WAKE_w957_s2 695.9s terminal=0.0367321 changed=927 stale=0
2026-10-04T17:14:07.414547+00:00 cell finished REROUTE_WAKE_w958_s0 669.3s terminal=0.0132077 changed=348 stale=0
2026-10-04T17:14:16.579099+00:00 cell finished REROUTE_WAKE_w958_s1 665.4s terminal=0.0247624 changed=389 stale=0
2026-10-04T17:16:03.944285+00:00 cell finished REROUTE_WAKE_w958_s2 676.7s terminal=0.0101147 changed=716 stale=0
2026-10-04T17:25:20.934934+00:00 cell finished REROUTE_WAKE_w959_s0 673.5s terminal=0.0304047 changed=205 stale=0
2026-10-04T17:25:31.165379+00:00 cell finished REROUTE_WAKE_w959_s1 674.6s terminal=0.0139045 changed=1395 stale=0
2026-10-04T17:28:04.752215+00:00 cell finished REROUTE_WAKE_w959_s2 720.8s terminal=0.00970984 changed=466 stale=0
2026-10-04T17:35:57.660929+00:00 cell finished SHUFFLED_w945_s0 636.7s terminal=1.89438
2026-10-04T17:36:02.440452+00:00 cell finished SHUFFLED_w945_s1 631.3s terminal=0.0212577
2026-10-04T17:37:55.592403+00:00 cell finished SHUFFLED_w945_s2 590.8s terminal=0.026364
2026-10-04T17:44:41.456718+00:00 cell finished SHUFFLED_w946_s0 523.8s terminal=0.33271
2026-10-04T17:44:45.740105+00:00 cell finished SHUFFLED_w946_s1 523.3s terminal=0.495554
2026-10-04T17:46:37.872003+00:00 cell finished SHUFFLED_w946_s2 522.3s terminal=0.159128
2026-10-04T17:53:04.108262+00:00 cell finished SHUFFLED_w947_s0 502.6s terminal=0.0530554
2026-10-04T17:53:09.072841+00:00 cell finished SHUFFLED_w947_s1 503.3s terminal=0.0871397
2026-10-04T17:55:05.149402+00:00 cell finished SHUFFLED_w947_s2 507.3s terminal=0.160707
2026-10-04T18:01:32.529645+00:00 cell finished SHUFFLED_w948_s0 508.4s terminal=0.115132
2026-10-04T18:01:38.151225+00:00 cell finished SHUFFLED_w948_s1 509.1s terminal=0.0338026
2026-10-04T18:03:48.875292+00:00 cell finished SHUFFLED_w948_s2 523.7s terminal=0.213326
2026-10-04T18:10:55.441561+00:00 cell finished SHUFFLED_w949_s0 562.9s terminal=0.0201237
2026-10-04T18:11:07.108016+00:00 cell finished SHUFFLED_w949_s1 568.9s terminal=0.0140885
2026-10-04T18:13:50.360892+00:00 cell finished SHUFFLED_w949_s2 601.5s terminal=0.175895
2026-10-04T18:21:39.914761+00:00 cell finished SHUFFLED_w950_s0 644.4s terminal=0.0297195
2026-10-04T18:21:49.343704+00:00 cell finished SHUFFLED_w950_s1 642.2s terminal=0.213205
2026-10-04T18:24:22.618802+00:00 cell finished SHUFFLED_w950_s2 632.2s terminal=0.0829887
2026-10-04T18:35:24.700730+00:00 cell finished SHUFFLED_w951_s0 824.8s terminal=0.152483
2026-10-04T18:35:37.467706+00:00 cell finished SHUFFLED_w951_s1 828.1s terminal=1.86422
2026-10-04T18:38:51.824525+00:00 cell finished SHUFFLED_w951_s2 869.2s terminal=0.72593
2026-10-04T18:47:50.226024+00:00 cell finished SHUFFLED_w952_s0 745.5s terminal=0.028118
2026-10-04T18:47:57.589020+00:00 cell finished SHUFFLED_w952_s1 740.1s terminal=0.179931
2026-10-04T18:50:40.227831+00:00 cell finished SHUFFLED_w952_s2 708.4s terminal=0.0253583
2026-10-04T18:59:29.378658+00:00 cell finished SHUFFLED_w953_s0 699.1s terminal=0.164615
2026-10-04T18:59:42.466071+00:00 cell finished SHUFFLED_w953_s1 704.9s terminal=0.311529
2026-10-04T19:02:45.963479+00:00 cell finished SHUFFLED_w953_s2 725.7s terminal=0.0242404
2026-10-04T19:08:56.070795+00:00 cell finished SHUFFLED_w954_s0 566.7s terminal=0.0534194
2026-10-04T19:09:04.262895+00:00 cell finished SHUFFLED_w954_s1 561.8s terminal=0.045244
2026-10-04T19:11:44.425282+00:00 cell finished SHUFFLED_w954_s2 538.5s terminal=0.697034
2026-10-04T19:17:41.869841+00:00 cell finished SHUFFLED_w955_s0 525.8s terminal=0.0314924
2026-10-04T19:17:48.383370+00:00 cell finished SHUFFLED_w955_s1 524.1s terminal=0.131125
2026-10-04T19:20:36.479635+00:00 cell finished SHUFFLED_w955_s2 532.0s terminal=0.244221
2026-10-04T19:26:34.815235+00:00 cell finished SHUFFLED_w956_s0 532.9s terminal=0.0869225
2026-10-04T19:26:38.539175+00:00 cell finished SHUFFLED_w956_s1 530.1s terminal=0.0337077
2026-10-04T19:29:21.754982+00:00 cell finished SHUFFLED_w956_s2 525.3s terminal=0.0225021
2026-10-04T19:34:55.554941+00:00 cell finished SHUFFLED_w957_s0 500.7s terminal=1.14286
2026-10-04T19:34:58.148962+00:00 cell finished SHUFFLED_w957_s1 499.6s terminal=0.592495
2026-10-04T19:37:44.601456+00:00 cell finished SHUFFLED_w957_s2 502.8s terminal=0.129694
2026-10-04T19:43:15.008683+00:00 cell finished SHUFFLED_w958_s0 499.5s terminal=0.0754169
2026-10-04T19:43:17.203038+00:00 cell finished SHUFFLED_w958_s1 499.1s terminal=0.226305
2026-10-04T19:46:12.105159+00:00 cell finished SHUFFLED_w958_s2 507.5s terminal=0.0383326
2026-10-04T19:51:49.894331+00:00 cell finished SHUFFLED_w959_s0 514.9s terminal=0.31205
2026-10-04T19:51:53.917338+00:00 cell finished SHUFFLED_w959_s1 516.7s terminal=0.334926
2026-10-04T19:54:52.273786+00:00 cell finished PLAIN_w945_s0 182.4s terminal=1.83693
2026-10-04T19:54:55.465816+00:00 cell finished PLAIN_w946_s0 181.5s terminal=1.86463
2026-10-04T19:54:59.637641+00:00 cell finished SHUFFLED_w959_s2 527.5s terminal=0.0792393
2026-10-04T19:57:49.423384+00:00 cell finished PLAIN_w947_s0 177.1s terminal=1.95692
2026-10-04T19:57:52.585735+00:00 cell finished PLAIN_w948_s0 177.1s terminal=2.05056
2026-10-04T19:57:58.728187+00:00 cell finished PLAIN_w949_s0 179.1s terminal=1.89673
2026-10-04T20:00:45.428995+00:00 cell finished PLAIN_w950_s0 176.0s terminal=1.96928
2026-10-04T20:00:48.688525+00:00 cell finished PLAIN_w951_s0 176.1s terminal=1.88653
2026-10-04T20:00:57.164357+00:00 cell finished PLAIN_w952_s0 178.4s terminal=1.81108
2026-10-04T20:03:41.300687+00:00 cell finished PLAIN_w953_s0 175.9s terminal=1.8986
2026-10-04T20:03:42.638770+00:00 cell finished PLAIN_w954_s0 173.9s terminal=1.9158
2026-10-04T20:03:55.870850+00:00 cell finished PLAIN_w955_s0 178.7s terminal=1.95124
2026-10-04T20:06:37.063580+00:00 cell finished PLAIN_w956_s0 175.8s terminal=1.85892
2026-10-04T20:06:38.177578+00:00 cell finished PLAIN_w957_s0 175.5s terminal=1.93122
2026-10-04T20:06:53.791168+00:00 cell finished PLAIN_w958_s0 177.9s terminal=1.98294
2026-10-04T20:09:02.263930+00:00 cell finished RW_SLEEP_w945_s1 144.1s terminal=0.011665
2026-10-04T20:09:18.054396+00:00 cell finished RW_SLEEP_w945_s0 144.3s terminal=0.0130434
2026-10-04T20:09:33.493321+00:00 cell finished PLAIN_w959_s0 176.4s terminal=2.04516
2026-10-04T20:11:26.450109+00:00 cell finished RW_SLEEP_w945_s2 144.2s terminal=0.0106326
2026-10-04T20:11:42.247824+00:00 cell finished RW_SLEEP_w946_s0 144.2s terminal=0.00791724
2026-10-04T20:11:58.483592+00:00 cell finished RW_SLEEP_w946_s2 145.0s terminal=0.00726276
2026-10-04T20:13:50.710419+00:00 cell finished RW_SLEEP_w946_s1 144.2s terminal=0.00883401
2026-10-04T20:14:08.361365+00:00 cell finished RW_SLEEP_w947_s0 146.1s terminal=0.00961534
2026-10-04T20:14:23.474233+00:00 cell finished RW_SLEEP_w947_s2 145.0s terminal=0.0106228
2026-10-04T20:16:14.548259+00:00 cell finished RW_SLEEP_w947_s1 143.8s terminal=0.0115154
2026-10-04T20:16:33.357271+00:00 cell finished RW_SLEEP_w948_s0 145.0s terminal=0.00754769
2026-10-04T20:16:48.930289+00:00 cell finished RW_SLEEP_w948_s1 145.5s terminal=0.0092854
2026-10-04T20:18:37.884677+00:00 cell finished RW_SLEEP_w948_s2 143.3s terminal=0.00875209
2026-10-04T20:18:58.887631+00:00 cell finished RW_SLEEP_w949_s0 145.5s terminal=0.0123577
2026-10-04T20:19:13.073706+00:00 cell finished RW_SLEEP_w949_s1 144.1s terminal=0.00877743
2026-10-04T20:21:00.711809+00:00 cell finished RW_SLEEP_w949_s2 142.8s terminal=0.011043
2026-10-04T20:21:23.766713+00:00 cell finished RW_SLEEP_w950_s0 144.9s terminal=0.0190406
2026-10-04T20:21:38.030539+00:00 cell finished RW_SLEEP_w950_s1 145.0s terminal=0.0132694
2026-10-04T20:23:23.805223+00:00 cell finished RW_SLEEP_w950_s2 143.1s terminal=0.012476
2026-10-04T20:23:49.440937+00:00 cell finished RW_SLEEP_w951_s0 145.7s terminal=0.0116796
2026-10-04T20:24:03.347265+00:00 cell finished RW_SLEEP_w951_s1 145.3s terminal=0.00754788
2026-10-04T20:25:54.319918+00:00 cell finished RW_SLEEP_w951_s2 150.5s terminal=0.00757222
2026-10-04T20:26:21.987803+00:00 cell finished RW_SLEEP_w952_s0 152.5s terminal=0.00836813
2026-10-04T20:26:36.296942+00:00 cell finished RW_SLEEP_w952_s1 152.9s terminal=0.00960518
2026-10-04T20:28:20.373950+00:00 cell finished RW_SLEEP_w952_s2 146.0s terminal=0.0101358
2026-10-04T20:28:48.276431+00:00 cell finished RW_SLEEP_w953_s0 146.3s terminal=0.00988423
2026-10-04T20:29:00.754802+00:00 cell finished RW_SLEEP_w953_s1 144.5s terminal=0.00999478
2026-10-04T20:30:43.697495+00:00 cell finished RW_SLEEP_w953_s2 143.3s terminal=0.00676093
2026-10-04T20:31:13.740148+00:00 cell finished RW_SLEEP_w954_s0 145.5s terminal=0.0151765
2026-10-04T20:31:25.480342+00:00 cell finished RW_SLEEP_w954_s1 144.7s terminal=0.00761022
2026-10-04T20:33:06.526140+00:00 cell finished RW_SLEEP_w954_s2 142.8s terminal=0.00831353
2026-10-04T20:33:39.850493+00:00 cell finished RW_SLEEP_w955_s0 146.1s terminal=0.00909349
2026-10-04T20:33:49.688332+00:00 cell finished RW_SLEEP_w955_s1 144.2s terminal=0.00990487
2026-10-04T20:35:29.323540+00:00 cell finished RW_SLEEP_w955_s2 142.8s terminal=0.0131944
2026-10-04T20:36:05.671416+00:00 cell finished RW_SLEEP_w956_s0 145.8s terminal=0.0125086
2026-10-04T20:36:14.789650+00:00 cell finished RW_SLEEP_w956_s1 145.1s terminal=0.010258
2026-10-04T20:37:52.118428+00:00 cell finished RW_SLEEP_w956_s2 142.8s terminal=0.00534964
2026-10-04T20:38:31.675401+00:00 cell finished RW_SLEEP_w957_s0 146.0s terminal=0.0101708
2026-10-04T20:38:39.742577+00:00 cell finished RW_SLEEP_w957_s1 145.0s terminal=0.0101457
2026-10-04T20:40:15.109324+00:00 cell finished RW_SLEEP_w957_s2 143.0s terminal=0.0109863
2026-10-04T20:40:57.581371+00:00 cell finished RW_SLEEP_w958_s0 145.9s terminal=0.0104707
2026-10-04T20:41:04.541919+00:00 cell finished RW_SLEEP_w958_s1 144.8s terminal=0.00866409
2026-10-04T20:42:38.184937+00:00 cell finished RW_SLEEP_w958_s2 143.1s terminal=0.00831461
2026-10-04T20:43:23.349042+00:00 cell finished RW_SLEEP_w959_s0 145.8s terminal=0.010599
2026-10-04T20:43:29.267044+00:00 cell finished RW_SLEEP_w959_s1 144.7s terminal=0.0116895
2026-10-04T20:45:02.172379+00:00 cell finished RW_SLEEP_w959_s2 144.0s terminal=0.00782609
2026-10-04T20:45:51.199765+00:00 cell finished SLEEP_w945_s0 147.8s terminal=1.13662
2026-10-04T20:45:56.729011+00:00 cell finished SLEEP_w945_s1 147.5s terminal=0.0188089
2026-10-04T20:47:33.189354+00:00 cell finished SLEEP_w945_s2 151.0s terminal=0.0174665
2026-10-04T20:48:21.662288+00:00 cell finished SLEEP_w946_s0 150.5s terminal=0.0185345
2026-10-04T20:48:28.651901+00:00 cell finished SLEEP_w946_s1 151.9s terminal=0.0424725
2026-10-04T20:50:02.245768+00:00 cell finished SLEEP_w946_s2 149.1s terminal=0.0138527
2026-10-04T20:50:51.769427+00:00 cell finished SLEEP_w947_s0 150.1s terminal=0.0185147
2026-10-04T20:50:59.661975+00:00 cell finished SLEEP_w947_s1 151.0s terminal=0.0245325
2026-10-04T20:52:32.266059+00:00 cell finished SLEEP_w947_s2 150.0s terminal=0.0233062
2026-10-04T20:53:27.456709+00:00 cell finished SLEEP_w948_s0 155.7s terminal=0.0189367
2026-10-04T20:53:32.892781+00:00 cell finished SLEEP_w948_s1 153.2s terminal=0.0261185
2026-10-04T20:55:03.472908+00:00 cell finished SLEEP_w948_s2 151.2s terminal=0.0500122
2026-10-04T20:55:57.872485+00:00 cell finished SLEEP_w949_s0 150.4s terminal=0.016699
2026-10-04T20:56:03.841292+00:00 cell finished SLEEP_w949_s1 150.9s terminal=0.0112947
2026-10-04T20:57:28.431813+00:00 cell finished SLEEP_w949_s2 145.0s terminal=0.0619482
2026-10-04T20:58:26.559964+00:00 cell finished SLEEP_w950_s0 148.7s terminal=0.027064
2026-10-04T20:58:31.779117+00:00 cell finished SLEEP_w950_s1 147.9s terminal=0.0276749
2026-10-04T20:59:57.336088+00:00 cell finished SLEEP_w950_s2 148.9s terminal=0.0187475
2026-10-04T21:00:55.142837+00:00 cell finished SLEEP_w951_s0 148.6s terminal=0.0244201
2026-10-04T21:01:01.164205+00:00 cell finished SLEEP_w951_s1 149.4s terminal=1.40376
2026-10-04T21:02:26.482628+00:00 cell finished SLEEP_w951_s2 149.1s terminal=0.052333
2026-10-04T21:03:26.163136+00:00 cell finished SLEEP_w952_s0 151.0s terminal=0.0302263
2026-10-04T21:03:30.508569+00:00 cell finished SLEEP_w952_s1 149.3s terminal=0.0251049
2026-10-04T21:04:53.825319+00:00 cell finished SLEEP_w952_s2 147.3s terminal=0.0235599
2026-10-04T21:05:54.165582+00:00 cell finished SLEEP_w953_s0 148.0s terminal=0.0196043
2026-10-04T21:06:00.559965+00:00 cell finished SLEEP_w953_s1 150.0s terminal=0.0270947
2026-10-04T21:07:23.698931+00:00 cell finished SLEEP_w953_s2 149.9s terminal=0.0221167
2026-10-04T21:08:24.536097+00:00 cell finished SLEEP_w954_s0 150.4s terminal=0.0179978
2026-10-04T21:08:30.104206+00:00 cell finished SLEEP_w954_s1 149.5s terminal=0.0166889
2026-10-04T21:09:55.702218+00:00 cell finished SLEEP_w954_s2 152.0s terminal=0.116005
2026-10-04T21:11:02.908379+00:00 cell finished SLEEP_w955_s0 158.4s terminal=0.0285072
2026-10-04T21:11:07.838411+00:00 cell finished SLEEP_w955_s1 157.7s terminal=0.0220775
2026-10-04T21:12:31.571959+00:00 cell finished SLEEP_w955_s2 155.9s terminal=0.0459519
2026-10-04T21:13:38.677486+00:00 cell finished SLEEP_w956_s0 155.8s terminal=0.0319315
2026-10-04T21:13:42.394653+00:00 cell finished SLEEP_w956_s1 154.6s terminal=0.0141981
2026-10-04T21:15:06.632374+00:00 cell finished SLEEP_w956_s2 155.1s terminal=0.0100195
2026-10-04T21:16:15.293568+00:00 cell finished SLEEP_w957_s0 156.6s terminal=0.0439718
2026-10-04T21:16:18.015120+00:00 cell finished SLEEP_w957_s1 155.6s terminal=0.0734837
2026-10-04T21:17:39.231384+00:00 cell finished SLEEP_w957_s2 152.6s terminal=0.0310386
2026-10-04T21:18:46.392623+00:00 cell finished SLEEP_w958_s0 151.1s terminal=0.0268515
2026-10-04T21:18:47.078221+00:00 cell finished SLEEP_w958_s1 149.1s terminal=0.0190345
2026-10-04T21:20:02.455687+00:00 cell finished SLEEP_w958_s2 143.2s terminal=0.0242065
2026-10-04T21:21:11.713792+00:00 cell finished SLEEP_w959_s1 144.6s terminal=0.0414662
2026-10-04T21:21:12.494233+00:00 cell finished SLEEP_w959_s0 146.1s terminal=0.0391171
2026-10-04T21:22:17.292324+00:00 cell finished SLEEP_w959_s2 134.8s terminal=0.0267857
