prereg check OK: 24 frozen files unchanged; all STATUS-cited paths exist
[w0] assignment mean distance 0.072, margin 0.007
[w1] assignment mean distance 0.040, margin 0.008
[w2] assignment mean distance 0.050, margin 0.001
[w0 H1 0] O 0.0111 O-W 0.0810 R 0.0111 S 0.0457 F 0.1254
[w0 H1 1] O 0.0046 O-W 0.1039 R 0.0046 S 0.0461 F 0.0513
[w0 H1 2] O 0.0076 O-W 0.0569 R 0.0076 S 0.0489 F 0.0695
[w0 H1 3] O 0.0080 O-W 0.0581 R 0.0064 S 0.0469 F 0.0654
[w0 H1 4] O 0.0113 O-W 0.0541 R 0.0107 S 0.0465 F 0.0693
[w0 H1 5] O 0.0141 O-W 0.0753 R 0.0141 S 0.0361 F 0.0612
[w0 H1 6] O 0.0082 O-W 0.0590 R 0.0073 S 0.0539 F 0.0561
[w0 H1 7] O 0.0078 O-W 0.0550 R 0.0078 S 0.0558 F 0.0686
[w0 H1 8] O 0.0114 O-W 0.0809 R 0.0114 S 0.0333 F 0.0946
[w0 H1 9] O 0.0014 O-W 0.0737 R 0.0014 S 0.0325 F 0.0602
[w0 H1 10] O 0.0062 O-W 0.0963 R 0.0065 S 0.0462 F 0.0678
[w0 H1 11] O 0.0116 O-W 0.0526 R 0.0110 S 0.0470 F 0.0798
[w0 H2 0] O 0.0036 O-W 0.0674 R 0.0036 S 0.0359 F 0.0569
[w0 H2 1] O 0.0044 O-W 0.0502 R 0.0044 S 0.0490 F 0.0616
[w0 H2 2] O 0.0052 O-W 0.0513 R 0.0052 S 0.0379 F 0.0554
[w0 H2 3] O 0.0046 O-W 0.0504 R 0.0046 S 0.0593 F 0.0472
[w0 H2 4] O 0.0111 O-W 0.0827 R 0.0111 S 0.0381 F 0.0568
[w0 H2 5] O 0.0023 O-W 0.0782 R 0.0023 S 0.0283 F 0.0484
[w0 H2 6] O 0.0225 O-W 0.1443 R 0.0074 S 0.0649 F 0.0587
[w0 H2 7] O 0.0035 O-W 0.0513 R 0.0035 S 0.0360 F 0.0754
[w0 H2 8] O 0.0094 O-W 0.0565 R 0.0079 S 0.0517 F 0.0714
[w0 H2 9] O 0.0050 O-W 0.0517 R 0.0050 S 0.0482 F 0.0618
[w0 H2 10] O 0.0107 O-W 0.0899 R 0.0038 S 0.0426 F 0.0501
[w0 H2 11] O 0.0068 O-W 0.0538 R 0.0068 S 0.0470 F 0.0463
[w1 H1 0] O 0.0014 O-W 0.0542 R 0.0014 S 0.0345 F 0.0534
[w1 H1 1] O 0.0016 O-W 0.0473 R 0.0016 S 0.0386 F 0.0375
[w1 H1 2] O 0.0015 O-W 0.0891 R 0.0015 S 0.0252 F 0.0332
[w1 H1 3] O 0.0045 O-W 0.0656 R 0.0045 S 0.0289 F 0.0334
[w1 H1 4] O 0.0055 O-W 0.0489 R 0.0055 S 0.0289 F 0.0534
[w1 H1 5] O 0.0050 O-W 0.0519 R 0.0050 S 0.0332 F 0.0352
[w1 H1 6] O 0.0014 O-W 0.0677 R 0.0014 S 0.0324 F 0.0259
[w1 H1 7] O 0.0009 O-W 0.0503 R 0.0009 S 0.0274 F 0.0423
[w1 H1 8] O 0.0011 O-W 0.0471 R 0.0011 S 0.0328 F 0.0383
[w1 H1 9] O 0.0009 O-W 0.0510 R 0.0009 S 0.0308 F 0.0328
[w1 H1 10] O 0.0038 O-W 0.1250 R 0.0038 S 0.0300 F 0.0477
[w1 H1 11] O 0.0011 O-W 0.0494 R 0.0011 S 0.0310 F 0.0534
[w1 H2 0] O 0.0041 O-W 0.0434 R 0.0054 S 0.0299 F 0.0384
[w1 H2 1] O 0.0042 O-W 0.0466 R 0.0060 S 0.0346 F 0.0344
[w1 H2 2] O 0.0018 O-W 0.0620 R 0.0018 S 0.0167 F 0.0273
[w1 H2 3] O 0.0055 O-W 0.0487 R 0.0065 S 0.0350 F 0.0497
[w1 H2 4] O 0.0012 O-W 0.0432 R 0.0012 S 0.0406 F 0.0522
[w1 H2 5] O 0.0172 O-W 0.0760 R 0.0223 S 0.0553 F 0.0402
[w1 H2 6] O 0.0058 O-W 0.0732 R 0.0058 S 0.0275 F 0.0471
[w1 H2 7] O 0.0059 O-W 0.0721 R 0.0059 S 0.0373 F 0.0334
[w1 H2 8] O 0.0043 O-W 0.0513 R 0.0043 S 0.0312 F 0.0337
[w1 H2 9] O 0.0051 O-W 0.0536 R 0.0051 S 0.0372 F 0.0531
[w1 H2 10] O 0.0049 O-W 0.0520 R 0.0049 S 0.0392 F 0.0389
[w1 H2 11] O 0.0052 O-W 0.0460 R 0.0065 S 0.0398 F 0.0431
[w2 H1 0] O 0.0056 O-W 0.0479 R 0.0040 S 0.0329 F 0.0534
[w2 H1 1] O 0.0015 O-W 0.0796 R 0.0015 S 0.0278 F 0.0516
[w2 H1 2] O 0.0058 O-W 0.0565 R 0.0068 S 0.0475 F 0.0440
[w2 H1 3] O 0.0048 O-W 0.0630 R 0.0048 S 0.0417 F 0.0570
[w2 H1 4] O 0.0032 O-W 0.0649 R 0.0032 S 0.0465 F 0.0486
[w2 H1 5] O 0.0014 O-W 0.0848 R 0.0014 S 0.0290 F 0.0579
[w2 H1 6] O 0.0050 O-W 0.0642 R 0.0050 S 0.0377 F 0.0460
[w2 H1 7] O 0.0076 O-W 0.0548 R 0.0076 S 0.0472 F 0.0452
[w2 H1 8] O 0.0051 O-W 0.1021 R 0.0051 S 0.0391 F 0.0446
[w2 H1 9] O 0.0026 O-W 0.0459 R 0.0026 S 0.0442 F 0.0618
[w2 H1 10] O 0.0139 O-W 0.1530 R 0.0045 S 0.0723 F 0.0878
[w2 H1 11] O 0.0038 O-W 0.0602 R 0.0038 S 0.0465 F 0.0515
[w2 H2 0] O 0.0028 O-W 0.0790 R 0.0028 S 0.0224 F 0.0453
[w2 H2 1] O 0.0034 O-W 0.0605 R 0.0034 S 0.0434 F 0.0549
[w2 H2 2] O 0.0050 O-W 0.0503 R 0.0044 S 0.0377 F 0.0540
[w2 H2 3] O 0.0029 O-W 0.0458 R 0.0032 S 0.0570 F 0.0504
[w2 H2 4] O 0.0029 O-W 0.0838 R 0.0029 S 0.0396 F 0.0530
[w2 H2 5] O 0.0034 O-W 0.0856 R 0.0034 S 0.0384 F 0.0444
[w2 H2 6] O 0.0094 O-W 0.0819 R 0.0022 S 0.0337 F 0.0487
[w2 H2 7] O 0.0072 O-W 0.0929 R 0.0019 S 0.0424 F 0.0551
[w2 H2 8] O 0.0045 O-W 0.0658 R 0.0045 S 0.0513 F 0.0424
[w2 H2 9] O 0.0094 O-W 0.0908 R 0.0025 S 0.0364 F 0.0509
[w2 H2 10] O 0.0084 O-W 0.0940 R 0.0084 S 0.0438 F 0.0563
[w2 H2 11] O 0.0037 O-W 0.0675 R 0.0037 S 0.0464 F 0.0550
H1: E1a=True E1b=True
H2: E1a=True E1b=True
OUTCOME E1a+E1b: VOCABULARY EXPORTS AND ROUTE IS FINDABLE
