prereg check OK: 31 frozen files unchanged; all STATUS-cited paths exist
[d3 w0] O 0.00656 ENUM 0.00571 S 0.05521 (S/O +2.13, ELIGIBLE) | K250 0.01052(+0.47) K500 0.00815(+0.22) K1000 0.00815(+0.22) K2000 0.00662(+0.01)
[d3 w1] O 0.00273 ENUM 0.00234 S 0.03579 (S/O +2.57, ELIGIBLE) | K250 0.00708(+0.95) K500 0.00507(+0.62) K1000 0.00297(+0.09) K2000 0.00235(-0.15)
[d3 w2] O 0.00587 ENUM 0.00391 S 0.03950 (S/O +1.91, ELIGIBLE) | K250 0.01479(+0.92) K500 0.00674(+0.14) K1000 0.00579(-0.01) K2000 0.00571(-0.03)
  depth 3: eligible=True k*=1000 anchor_search_ok=True
[d4 w0] O 0.01122 ENUM 0.00693 S 0.05980 (S/O +1.67, ELIGIBLE) | K250 0.02438(+0.78) K500 0.01193(+0.06) K1000 0.01304(+0.15) K2000 0.00978(-0.14)
[d4 w1] O 0.00362 ENUM 0.00319 S 0.03592 (S/O +2.30, ELIGIBLE) | K250 0.02206(+1.81) K500 0.00485(+0.29) K1000 0.00327(-0.10) K2000 0.00327(-0.10)
[d4 w2] O 0.00600 ENUM 0.00426 S 0.04510 (S/O +2.02, ELIGIBLE) | K250 0.02125(+1.26) K500 0.00850(+0.35) K1000 0.00600(-0.00) K2000 0.00600(-0.00)
  depth 4: eligible=True k*=1000 anchor_search_ok=True
[d5 w0] O 0.01385 ENUM 0.00681 S 0.07728 (S/O +1.72, ELIGIBLE) | K250 0.03630(+0.96) K500 0.02368(+0.54) K1000 0.01510(+0.09) K2000 0.01247(-0.10)
[d5 w1] O 0.00519 ENUM 0.00378 S 0.06058 (S/O +2.46, ELIGIBLE) | K250 0.02456(+1.55) K500 0.00712(+0.32) K1000 0.00548(+0.05) K2000 0.00462(-0.12)
[d5 w2] O 0.01049 ENUM 0.00427 S 0.05728 (S/O +1.70, ELIGIBLE) | K250 0.02787(+0.98) K500 0.01178(+0.12) K1000 0.00706(-0.40) K2000 0.00587(-0.58)
  depth 5: eligible=True k*=1000 anchor_search_ok=True
[d6 w0] O 0.01493 ENUM 2,985,984 infeasible S 0.08507 (S/O +1.74, ELIGIBLE) | K250 0.05447(+1.29) K500 0.03179(+0.76) K1000 0.02528(+0.53) K2000 0.01603(+0.07)
[d6 w1] O 0.00647 ENUM 2,985,984 infeasible S 0.07359 (S/O +2.43, ELIGIBLE) | K250 0.04024(+1.83) K500 0.01887(+1.07) K1000 0.01112(+0.54) K2000 0.00735(+0.13)
[d6 w2] O 0.01521 ENUM 2,985,984 infeasible S 0.08114 (S/O +1.67, ELIGIBLE) | K250 0.03299(+0.77) K500 0.01853(+0.20) K1000 0.01568(+0.03) K2000 0.01047(-0.37)
  depth 6: eligible=True k*=2000 anchor_search_ok=True
[d7 w0] O 0.01647 ENUM 35,831,808 infeasible S 0.10595 (S/O +1.86, ELIGIBLE) | K250 0.10350(+1.84) K500 0.05008(+1.11) K1000 0.03882(+0.86) K2000 0.02131(+0.26)
[d7 w1] O 0.00720 ENUM 35,831,808 infeasible S 0.09403 (S/O +2.57, ELIGIBLE) | K250 0.04095(+1.74) K500 0.02095(+1.07) K1000 0.01230(+0.54) K2000 0.00948(+0.27)
[d7 w2] O 0.01803 ENUM 35,831,808 infeasible S 0.10551 (S/O +1.77, ELIGIBLE) | K250 0.03405(+0.64) K500 0.02799(+0.44) K1000 0.02151(+0.18) K2000 0.01391(-0.26)
  depth 7: eligible=True k*=>2000 anchor_search_ok=False
[d8 w0] O 0.02978 ENUM 429,981,696 infeasible S 0.16128 (S/O +1.69, ELIGIBLE) | K250 0.14156(+1.56) K500 0.08754(+1.08) K1000 0.06575(+0.79) K2000 0.03245(+0.09)
[d8 w1] O 0.01112 ENUM 429,981,696 infeasible S 0.11522 (S/O +2.34, ELIGIBLE) | K250 0.09968(+2.19) K500 0.03071(+1.02) K1000 0.02301(+0.73) K2000 0.01717(+0.43)
[d8 w2] O 0.02162 ENUM 429,981,696 infeasible S 0.12401 (S/O +1.75, ELIGIBLE) | K250 0.09320(+1.46) K500 0.06377(+1.08) K1000 0.03550(+0.50) K2000 0.01551(-0.33)
  depth 8: eligible=True k*=2000 anchor_search_ok=True
[d9 w0] O 0.03310 ENUM 5,159,780,352 infeasible S 0.19993 (S/O +1.80, ELIGIBLE) | K250 0.10259(+1.13) K500 0.05698(+0.54) K1000 0.03531(+0.06) K2000 0.02786(-0.17)
[d9 w1] O 0.01053 ENUM 5,159,780,352 infeasible S 0.10825 (S/O +2.33, ELIGIBLE) | K250 0.07125(+1.91) K500 0.05881(+1.72) K1000 0.03922(+1.32) K2000 0.02371(+0.81)
[d9 w2] O 0.02459 ENUM 5,159,780,352 infeasible S 0.14530 (S/O +1.78, ELIGIBLE) | K250 0.12033(+1.59) K500 0.07657(+1.14) K1000 0.03647(+0.39) K2000 0.02702(+0.09)
  depth 9: eligible=True k*=2000 anchor_search_ok=True
[d10 w0] O 0.03507 ENUM 61,917,364,224 infeasible S 0.17861 (S/O +1.63, ELIGIBLE) | K250 0.20748(+1.78) K500 0.10867(+1.13) K1000 0.08167(+0.85) K2000 0.03396(-0.03)
[d10 w1] O 0.02475 ENUM 61,917,364,224 infeasible S 0.13381 (S/O +1.69, ELIGIBLE) | K250 0.08426(+1.23) K500 0.05562(+0.81) K1000 0.04647(+0.63) K2000 0.02377(-0.04)
[d10 w2] O 0.02561 ENUM 61,917,364,224 infeasible S 0.17781 (S/O +1.94, ELIGIBLE) | K250 0.17720(+1.93) K500 0.09688(+1.33) K1000 0.06123(+0.87) K2000 0.02210(-0.15)
  depth 10: eligible=True k*=2000 anchor_search_ok=True

D_execute=None D_search=7 -> SEARCH BINDS FIRST
k* by depth: {'3': 1000, '4': 1000, '5': 1000, '6': 2000, '7': '>2000', '8': 2000, '9': 2000, '10': 2000}
budget axis vacuous: False | oracle error monotone in depth: True
