prereg check OK: 32 frozen files unchanged; all STATUS-cited paths exist
[d4 w0 L2] macro (4, 2) uses 70 in 70 routes | H_obs 10 vs H* 9.18 (x1.09) | bracketed True
        realized: N16:H_eff 16/H* 3.9 PAYS  N32:H_eff 32/H* 5.9 PAYS  N64:H_eff 64/H* 9.9 PAYS  N128:H_eff 70/H* 17.9 PAYS
        N sweep: N16:obs 4/H* 3.9  N32:obs 6/H* 5.9  N64:unreachable  N128:unreachable
[d4 w0 L3] macro (4, 2, 9) uses 60 in 60 routes | H_obs 6 vs H* 5.70 (x1.05) | bracketed True
        realized: N16:H_eff 16/H* 2.5 PAYS  N32:H_eff 32/H* 3.5 PAYS  N64:H_eff 60/H* 5.4 PAYS  N128:H_eff 60/H* 9.4 PAYS
        N sweep: N16:obs 3/H* 2.5  N32:obs 4/H* 3.5  N64:obs 6/H* 5.4  N128:unreachable
[d4 w0 L4] macro (4, 2, 9, 7) uses 10 in 10 routes | H_obs 7 vs H* 6.20 (x1.13) | bracketed True
        realized: N16:H_eff 3/H* 2.0 PAYS  N32:H_eff 4/H* 2.6 PAYS  N64:H_eff 10/H* 4.0 PAYS  N128:H_eff 10/H* 6.6 PAYS
        N sweep: N16:obs 2/H* 2.0  N32:obs 3/H* 2.6  N64:obs 4/H* 4.0  N128:unreachable
[d4 w1 L2] macro (8, 1) uses 74 in 74 routes | H_obs 9 vs H* 8.68 (x1.04) | bracketed True
        realized: N16:H_eff 16/H* 3.9 PAYS  N32:H_eff 32/H* 5.9 PAYS  N64:H_eff 64/H* 9.9 PAYS  N128:H_eff 74/H* 17.9 PAYS
        N sweep: N16:obs 4/H* 3.9  N32:obs 6/H* 5.9  N64:unreachable  N128:unreachable
[d4 w1 L3] macro (8, 1, 4) uses 51 in 51 routes | H_obs 7 vs H* 6.26 (x1.12) | bracketed True
        realized: N16:H_eff 12/H* 2.5 PAYS  N32:H_eff 24/H* 3.5 PAYS  N64:H_eff 51/H* 5.4 PAYS  N128:H_eff 51/H* 9.4 PAYS
        N sweep: N16:obs 3/H* 2.5  N32:obs 4/H* 3.5  N64:obs 6/H* 5.4  N128:unreachable
[d4 w1 L4] macro (4, 8, 1, 4) uses 8 in 8 routes | H_obs 7 vs H* 6.28 (x1.11) | bracketed True
        realized: N16:H_eff 2/H* 2.0 PAYS  N32:H_eff 4/H* 2.6 PAYS  N64:H_eff 8/H* 4.0 PAYS  N128:H_eff 8/H* 6.6 PAYS
        N sweep: N16:obs 2/H* 2.0  N32:obs 3/H* 2.6  N64:obs 4/H* 4.0  N128:unreachable
[d4 w2 L2] macro (6, 8) uses 69 in 69 routes | H_obs 10 vs H* 9.30 (x1.08) | bracketed True
        realized: N16:H_eff 16/H* 3.9 PAYS  N32:H_eff 32/H* 5.9 PAYS  N64:H_eff 64/H* 9.9 PAYS  N128:H_eff 69/H* 17.9 PAYS
        N sweep: N16:obs 4/H* 3.9  N32:obs 6/H* 5.9  N64:unreachable  N128:unreachable
[d4 w2 L3] macro (7, 6, 8) uses 64 in 64 routes | H_obs 6 vs H* 5.45 (x1.10) | bracketed True
        realized: N16:H_eff 16/H* 2.5 PAYS  N32:H_eff 32/H* 3.5 PAYS  N64:H_eff 64/H* 5.4 PAYS  N128:H_eff 64/H* 9.4 PAYS
        N sweep: N16:obs 3/H* 2.5  N32:obs 4/H* 3.5  N64:obs 6/H* 5.4  N128:unreachable
[d4 w2 L4] macro (7, 6, 8, 8) uses 10 in 10 routes | H_obs 7 vs H* 6.20 (x1.13) | bracketed True
        realized: N16:H_eff 2/H* 2.0 PAYS  N32:H_eff 5/H* 2.6 PAYS  N64:H_eff 10/H* 4.0 PAYS  N128:H_eff 10/H* 6.6 PAYS
        N sweep: N16:obs 2/H* 2.0  N32:obs 3/H* 2.6  N64:obs 4/H* 4.0  N128:unreachable
[d8 w0 L2] macro (2, 2) CONSTANT uses 76 in 61 routes | H_obs 19 vs H* 18.66 (x1.02) | bracketed True
        realized: N16:H_eff 13/H* 5.9 PAYS  N32:H_eff 19/H* 9.9 PAYS  N64:H_eff 38/H* 17.9 PAYS  N128:H_eff 76/H* 33.9 PAYS
        N sweep: N16:obs 6/H* 5.9  N32:obs 10/H* 9.9  N64:obs 18/H* 17.9  N128:unreachable
[d8 w0 L3] macro (2, 2, 2) CONSTANT uses 36 in 34 routes | H_obs 15 vs H* 13.19 (x1.14) | bracketed True
        realized: N16:H_eff 5/H* 3.5 PAYS  N32:H_eff 9/H* 5.4 PAYS  N64:H_eff 15/H* 9.4 PAYS  N128:H_eff 36/H* 17.4 PAYS
        N sweep: N16:obs 4/H* 3.5  N32:obs 6/H* 5.4  N64:obs 10/H* 9.4  N128:unreachable
[d8 w0 L4] macro (2, 2, 2, 2) CONSTANT uses 11 in 10 routes | H_obs None vs H* 11.11 | bracketed False
        realized: N16:H_eff 1/H* 2.6 no  N32:H_eff 1/H* 4.0 no  N64:H_eff 4/H* 6.6 no  N128:H_eff 11/H* 11.9 no
        N sweep: N16:obs 4/H* 2.6  N32:obs 4/H* 4.0  N64:obs 7/H* 6.6  N128:unreachable
[d8 w1 L2] macro (11, 11) CONSTANT uses 107 in 83 routes | H_obs 14 vs H* 13.17 (x1.06) | bracketed True
        realized: N16:H_eff 21/H* 5.9 PAYS  N32:H_eff 43/H* 9.9 PAYS  N64:H_eff 83/H* 17.9 PAYS  N128:H_eff 107/H* 33.9 PAYS
        N sweep: N16:obs 6/H* 5.9  N32:obs 10/H* 9.9  N64:unreachable  N128:unreachable
[d8 w1 L3] macro (11, 11, 11) CONSTANT uses 47 in 43 routes | H_obs 13 vs H* 12.06 (x1.08) | bracketed True
        realized: N16:H_eff 10/H* 3.5 PAYS  N32:H_eff 16/H* 5.4 PAYS  N64:H_eff 37/H* 9.4 PAYS  N128:H_eff 47/H* 17.4 PAYS
        N sweep: N16:obs 5/H* 3.5  N32:obs 6/H* 5.4  N64:obs 10/H* 9.4  N128:unreachable
[d8 w1 L4] macro (11, 11, 11, 11) CONSTANT uses 19 in 19 routes | H_obs 11 vs H* 10.36 (x1.06) | bracketed True
        realized: N16:H_eff 4/H* 2.6 PAYS  N32:H_eff 9/H* 4.0 PAYS  N64:H_eff 15/H* 6.6 PAYS  N128:H_eff 19/H* 11.9 PAYS
        N sweep: N16:obs 3/H* 2.6  N32:obs 4/H* 4.0  N64:obs 7/H* 6.6  N128:unreachable
[d8 w2 L2] macro (7, 7) CONSTANT uses 72 in 51 routes | H_obs 24 vs H* 21.16 (x1.13) | bracketed True
        realized: N16:H_eff 11/H* 5.9 PAYS  N32:H_eff 26/H* 9.9 PAYS  N64:H_eff 45/H* 17.9 PAYS  N128:H_eff 72/H* 33.9 PAYS
        N sweep: N16:obs 6/H* 5.9  N32:obs 10/H* 9.9  N64:obs 19/H* 17.9  N128:unreachable
[d8 w2 L3] macro (7, 7, 7) CONSTANT uses 28 in 24 routes | H_obs 15 vs H* 14.44 (x1.04) | bracketed True
        realized: N16:H_eff 6/H* 3.5 PAYS  N32:H_eff 14/H* 5.4 PAYS  N64:H_eff 21/H* 9.4 PAYS  N128:H_eff 28/H* 17.4 PAYS
        N sweep: N16:obs 4/H* 3.5  N32:obs 6/H* 5.4  N64:obs 10/H* 9.4  N128:unreachable
[d8 w2 L4] macro (7, 7, 7, 7) CONSTANT uses 15 in 15 routes | H_obs 11 vs H* 10.70 (x1.03) | bracketed True
        realized: N16:H_eff 2/H* 2.6 no  N32:H_eff 6/H* 4.0 PAYS  N64:H_eff 11/H* 6.6 PAYS  N128:H_eff 15/H* 11.9 PAYS
        N sweep: N16:obs 3/H* 2.6  N32:obs 4/H* 4.0  N64:obs 7/H* 6.6  N128:unreachable
[d10 w0 L2] macro (2, 2) CONSTANT uses 116 in 83 routes | H_obs 17 vs H* 15.98 (x1.06) | bracketed True
        realized: N16:H_eff 21/H* 6.9 PAYS  N32:H_eff 43/H* 11.9 PAYS  N64:H_eff 88/H* 21.9 PAYS  N128:H_eff 116/H* 41.9 PAYS
        N sweep: N16:obs 7/H* 6.9  N32:obs 12/H* 11.9  N64:unreachable  N128:unreachable
[d10 w0 L3] macro (2, 2, 2) CONSTANT uses 56 in 52 routes | H_obs 14 vs H* 13.31 (x1.05) | bracketed True
        realized: N16:H_eff 10/H* 3.9 PAYS  N32:H_eff 22/H* 6.4 PAYS  N64:H_eff 45/H* 11.4 PAYS  N128:H_eff 56/H* 21.4 PAYS
        N sweep: N16:obs 5/H* 3.9  N32:obs 7/H* 6.4  N64:obs 12/H* 11.4  N128:unreachable
[d10 w0 L4] macro (2, 2, 2, 2) CONSTANT uses 22 in 22 routes | H_obs 13 vs H* 12.32 (x1.06) | bracketed True
        realized: N16:H_eff 4/H* 3.0 PAYS  N32:H_eff 9/H* 4.6 PAYS  N64:H_eff 19/H* 7.9 PAYS  N128:H_eff 22/H* 14.6 PAYS
        N sweep: N16:obs 3/H* 3.0  N32:obs 5/H* 4.6  N64:obs 8/H* 7.9  N128:unreachable
[d10 w1 L2] macro (11, 11) CONSTANT uses 90 in 71 routes | H_obs 20 vs H* 19.73 (x1.01) | bracketed True
        realized: N16:H_eff 14/H* 6.9 PAYS  N32:H_eff 23/H* 11.9 PAYS  N64:H_eff 46/H* 21.9 PAYS  N128:H_eff 90/H* 41.9 PAYS
        N sweep: N16:obs 8/H* 6.9  N32:obs 13/H* 11.9  N64:unreachable  N128:unreachable
[d10 w1 L3] macro (11, 11, 11) CONSTANT uses 30 in 30 routes | H_obs 17 vs H* 16.74 (x1.02) | bracketed True
        realized: N16:H_eff 4/H* 3.9 PAYS  N32:H_eff 9/H* 6.4 PAYS  N64:H_eff 17/H* 11.4 PAYS  N128:H_eff 30/H* 21.4 PAYS
        N sweep: N16:obs 4/H* 3.9  N32:obs 7/H* 6.4  N64:obs 12/H* 11.4  N128:unreachable
[d10 w1 L4] macro (11, 11, 11, 11) CONSTANT uses 14 in 14 routes | H_obs 14 vs H* 13.15 (x1.06) | bracketed True
        realized: N16:H_eff 2/H* 3.0 no  N32:H_eff 3/H* 4.6 no  N64:H_eff 6/H* 7.9 no  N128:H_eff 14/H* 14.6 no
        N sweep: N16:obs 3/H* 3.0  N32:obs 5/H* 4.6  N64:obs 8/H* 7.9  N128:unreachable
[d10 w2 L2] macro (7, 7) CONSTANT uses 46 in 34 routes | H_obs 33 vs H* 31.27 (x1.06) | bracketed True
        realized: N16:H_eff 2/H* 6.9 no  N32:H_eff 5/H* 11.9 no  N64:H_eff 12/H* 21.9 no  N128:H_eff 46/H* 41.9 PAYS
        N sweep: N16:obs 7/H* 6.9  N32:obs 12/H* 11.9  N64:obs 22/H* 21.9  N128:unreachable
[d10 w2 L3] macro (7, 7, 7) CONSTANT uses 22 in 20 routes | H_obs 19 vs H* 18.30 (x1.04) | bracketed True
        realized: N16:H_eff 1/H* 3.9 no  N32:H_eff 3/H* 6.4 no  N64:H_eff 7/H* 11.4 no  N128:H_eff 22/H* 21.4 PAYS
        N sweep: N16:obs 4/H* 3.9  N32:obs 7/H* 6.4  N64:obs 12/H* 11.4  N128:unreachable
[d10 w2 L4] macro (7, 7, 7, 7) CONSTANT uses 9 in 9 routes | H_obs None vs H* 13.67 | bracketed False
        realized: N16:H_eff 1/H* 3.0 no  N32:H_eff 1/H* 4.6 no  N64:H_eff 2/H* 7.9 no  N128:H_eff 9/H* 14.6 no
        N sweep: N16:obs 3/H* 3.0  N32:obs 5/H* 4.6  N64:obs 8/H* 7.9  N128:unreachable
