prereg check OK: 29 frozen files unchanged; all STATUS-cited paths exist
[w800] C1a 64/64 Q_D 2.71 N* 4.0 gauge 64/64 | H1 +2.13 H2 +2.34 H3 +2.24 | D2 +2.44 D4 +2.38 | b 0.63 q 0.89
[w801] C1a 64/64 Q_D 2.71 N* 4.1 gauge 64/64 | H1 +2.60 H2 +2.67 H3 +2.75 | D2 +3.08 D4 +2.70 | b 0.57 q 0.88
[w802] C1a 64/64 Q_D 2.69 N* 4.1 gauge 64/64 | H1 +2.28 H2 +2.22 H3 +2.92 | D2 +2.41 D4 +2.29 | b 0.68 q 0.90
[w803] C1a 64/64 Q_D 2.77 N* 3.8 gauge 64/64 | H1 +3.00 H2 +2.41 H3 +3.26 | D2 +2.72 D4 +2.61 | b 0.50 q 0.73
[w804] C1a 64/64 Q_D 2.71 N* 4.0 gauge 64/64 | H1 +2.88 H2 +2.87 H3 +2.68 | D2 +2.64 D4 +2.59 | b 0.59 q 0.73
[w805] C1a 64/64 Q_D 2.72 N* 4.0 gauge 64/64 | H1 +2.14 H2 +2.36 H3 +2.17 | D2 +2.38 D4 +1.90 | b 0.57 q 0.88
[w806] C1a 64/64 Q_D 2.73 N* 4.0 gauge 64/64 | H1 +2.88 H2 +2.63 H3 +2.65 | D2 +2.51 D4 +2.78 | b 0.47 q 0.74
[w807] C1a 64/64 Q_D 2.72 N* 4.0 gauge 64/64 | H1 +2.85 H2 +2.90 H3 +2.83 | D2 +2.64 D4 +3.00 | b 0.51 q 0.57
[w808] C1a 64/64 Q_D 2.67 N* 4.2 gauge 64/64 | H1 +2.61 H2 +2.82 H3 +2.48 | D2 +2.66 D4 +2.29 | b 0.57 q 0.80
[w809] C1a 64/64 Q_D 2.70 N* 4.0 gauge 64/64 | H1 +2.33 H2 +1.77 H3 +2.12 | D2 +2.08 D4 +2.17 | b 0.56 q 0.79
[w810] C1a 64/64 Q_D 2.72 N* 4.0 gauge 64/64 | H1 +2.26 H2 +2.45 H3 +2.51 | D2 +2.68 D4 +2.56 | b 0.55 q 0.60
[w811] C1a 64/64 Q_D 2.74 N* 3.9 gauge 64/64 | H1 +2.51 H2 +2.42 H3 +2.01 | D2 +2.32 D4 +2.31 | b 0.54 q 0.98
[w812] C1a 64/64 Q_D 2.73 N* 4.0 gauge 64/64 | H1 +2.06 H2 +2.48 H3 +2.28 | D2 +2.13 D4 +1.80 | b 0.64 q 0.75
[w813] C1a 64/64 Q_D 2.75 N* 3.9 gauge 64/64 | H1 +1.98 H2 +2.51 H3 +2.53 | D2 +2.66 D4 +2.12 | b 0.54 q 0.60
[w814] C1a 64/64 Q_D 2.72 N* 4.0 gauge 64/64 | H1 +2.04 H2 +2.52 H3 +1.87 | D2 +2.13 D4 +1.96 | b 0.78 q 0.62
[w815] C1a 64/64 Q_D 2.71 N* 4.0 gauge 64/64 | H1 +2.88 H2 +2.79 H3 +2.68 | D2 +2.55 D4 +2.35 | b 0.63 q 0.85
[w816] C1a 64/64 Q_D 2.72 N* 4.0 gauge 64/64 | H1 +2.66 H2 +2.67 H3 +2.77 | D2 +2.66 D4 +2.76 | b 0.49 q 0.65
[w817] C1a 64/64 Q_D 2.71 N* 4.0 gauge 64/64 | H1 +2.39 H2 +2.41 H3 +2.07 | D2 +2.62 D4 +1.82 | b 0.56 q 0.83
[w818] C1a 64/64 Q_D 2.68 N* 4.1 gauge 64/64 | H1 +2.31 H2 +2.29 H3 +1.67 | D2 +2.24 D4 +1.97 | b 0.52 q 0.74
[w819] C1a 64/64 Q_D 2.70 N* 4.1 gauge 64/64 | H1 +2.10 H2 +1.92 H3 +1.96 | D2 +1.91 D4 +1.88 | b 0.53 q 0.83
[w820] C1a 64/64 Q_D 2.67 N* 4.2 gauge 64/64 | H1 +1.93 H2 +2.00 H3 +2.22 | D2 +2.37 D4 +2.31 | b 0.50 q 0.84
[w821] C1a 64/64 Q_D 2.71 N* 4.0 gauge 64/64 | H1 +2.82 H2 +2.67 H3 +2.56 | D2 +2.35 D4 +2.35 | b 0.74 q 1.11
[w822] C1a 64/64 Q_D 2.69 N* 4.1 gauge 64/64 | H1 +2.40 H2 +2.70 H3 +2.25 | D2 +2.51 D4 +2.50 | b 0.58 q 0.85
[w823] C1a 64/64 Q_D 2.73 N* 4.0 gauge 64/64 | H1 +2.47 H2 +3.07 H3 +2.73 | D2 +2.99 D4 +2.12 | b 0.56 q 0.85
[w824] C1a 64/64 Q_D 2.72 N* 4.0 gauge 64/64 | H1 +1.97 H2 +1.89 H3 +2.25 | D2 +2.11 D4 +2.10 | b 0.68 q 0.75
[w825] C1a 64/64 Q_D 2.72 N* 4.0 gauge 64/64 | H1 +2.68 H2 +2.67 H3 +2.88 | D2 +2.47 D4 +2.68 | b 0.60 q 0.67
[w826] C1a 64/64 Q_D 2.71 N* 4.0 gauge 64/64 | H1 +2.20 H2 +2.22 H3 +1.68 | D2 +2.26 D4 +2.04 | b 0.58 q 0.82
[w827] C1a 64/64 Q_D 2.70 N* 4.1 gauge 64/64 | H1 +2.43 H2 +2.19 H3 +2.47 | D2 +2.43 D4 +1.85 | b 0.55 q 0.77
[w828] C1a 64/64 Q_D 2.73 N* 3.9 gauge 64/64 | H1 +2.22 H2 +2.44 H3 +2.56 | D2 +2.07 D4 +2.01 | b 0.60 q 0.58
[w829] C1a 64/64 Q_D 2.74 N* 3.9 gauge 64/64 | H1 +2.35 H2 +2.39 H3 +2.14 | D2 +2.58 D4 +2.37 | b 0.62 q 0.95
{
  "Q_D_mean": 2.7140329825356955,
  "N_star_mean": 4.02380148178368,
  "G_export_mean": 1.0048795764066543,
  "delta_comp_mean": {
    "H1": 2.411439704578784,
    "H2": 2.456631534314688,
    "H3": 2.4059704833216857
  },
  "delta_depth4_mean": 2.285758003527512,
  "delta_depth2_mean": 2.4524717751321656,
  "b_mean": 0.5809678431708168,
  "q_mean": 0.7850003914244462
}
{
  "PROGRAM_CONFIRMED": true,
  "EXPORT_CONFIRMED": true,
  "COMPOSITION_CONFIRMED": true,
  "LENGTH_CLOSED_COMPOSITION_CONFIRMED": true,
  "FULL_PROGRAM_LANGUAGE_BLOCK_CONFIRMED": true,
  "DRIFT_MECHANISM_CONFIRMED": true
}
